2026-04-17 09:02:54 [INFO ] [main] com.example.Application - Starting Application using Java 21.0.10 with PID 6656 (C:\Users\2485184\RAILFLOW\target\classes started by 2485184 in C:\Users\2485184\RAILFLOW)
2026-04-17 09:02:54 [INFO ] [main] com.example.Application - No active profile set, falling back to 1 default profile: "default"
2026-04-17 09:04:55 [INFO ] [main] com.example.Application - Starting Application using Java 21.0.10 with PID 1804 (C:\Users\2485184\RAILFLOW\target\classes started by 2485184 in C:\Users\2485184\RAILFLOW)
2026-04-17 09:04:55 [INFO ] [main] com.example.Application - No active profile set, falling back to 1 default profile: "default"
2026-04-17 09:05:06 [INFO ] [main] com.example.Application - Started Application in 12.036 seconds (process running for 12.58)
2026-04-17 09:08:32 [INFO ] [http-nio-8081-exec-6] com.example.aspect.AuditLogger - [BEFORE] [AuthServiceImpl.login()] | args: [LoginRequest(email=admin@railflow.com, password=admin123)]
2026-04-17 09:08:32 [INFO ] [http-nio-8081-exec-6] com.example.aspect.AuditLogger - [SUCCESS] [AuthServiceImpl.login()] | returned: JwtResponse(token=eyJhbGciOiJIUzUxMiJ9.eyJzdWIiOiJhZG1pbkByYWlsZmxvdy5jb20iLCJyb2xlIjoiQURNSU4iLCJ1c2VySWQiOjEsImlhdCI6MTc3NjM5NzExMiwiZXhwIjoxNzc2NDgzNTEyfQ.POLsP9d5DhlTgqav1cMJcPqO3AvIcMkgaINcJSXTep7i22WE4yUUovM-2ICpijE-avUD-arE7zk0AgIPFxM08A, role=ADMIN, email=admin@railflow.com, name=Super Admin)
2026-04-17 09:08:32 [INFO ] [http-nio-8081-exec-6] com.example.aspect.AuditLogger - [AFTER] [AuthServiceImpl.login()] | execution finished
2026-04-17 09:09:54 [INFO ] [main] com.example.Application - Starting Application using Java 21.0.10 with PID 3620 (C:\Users\2485184\RAILFLOW\target\classes started by 2485184 in C:\Users\2485184\RAILFLOW)
2026-04-17 09:09:54 [INFO ] [main] com.example.Application - No active profile set, falling back to 1 default profile: "default"
2026-04-17 09:10:07 [INFO ] [main] com.example.Application - Started Application in 13.594 seconds (process running for 14.117)
2026-04-17 09:10:14 [INFO ] [http-nio-8081-exec-2] com.example.aspect.AuditLogger - [BEFORE] [TimetableServiceImpl.getById()] | args: [1]
2026-04-17 09:10:14 [INFO ] [http-nio-8081-exec-2] com.example.aspect.AuditLogger - [SUCCESS] [TimetableServiceImpl.getById()] | returned: TimetableResponse(id=1, departureTime=2026-05-01T09:00, arrivalTime=2026-05-01T17:00, pathCode=CHN-MUM-001, status=PUBLISHED, trainId=1)
2026-04-17 09:10:14 [INFO ] [http-nio-8081-exec-2] com.example.aspect.AuditLogger - [AFTER] [TimetableServiceImpl.getById()] | execution finished
2026-04-17 09:10:57 [INFO ] [http-nio-8081-exec-3] com.example.aspect.AuditLogger - [BEFORE] [TimetableServiceImpl.getById()] | args: [2]
2026-04-17 09:10:57 [INFO ] [http-nio-8081-exec-3] com.example.aspect.AuditLogger - [SUCCESS] [TimetableServiceImpl.getById()] | returned: TimetableResponse(id=2, departureTime=2026-05-02T08:00, arrivalTime=2026-05-02T20:00, pathCode=CHN-DEL-001, status=DRAFT, trainId=2)
2026-04-17 09:10:57 [INFO ] [http-nio-8081-exec-3] com.example.aspect.AuditLogger - [AFTER] [TimetableServiceImpl.getById()] | execution finished
2026-04-17 09:13:39 [INFO ] [http-nio-8081-exec-7] com.example.aspect.AuditLogger - [BEFORE] [TimetableServiceImpl.create()] | args: [TimetableRequest(trainId=5, departureTime=2026-05-02T08:00, arrivalTime=2026-05-02T20:00, pathCode=KOL-HYD), admin@railflow.com]
2026-04-17 09:13:39 [INFO ] [http-nio-8081-exec-7] com.example.aspect.AuditLogger - [BEFORE] [PathConflictServiceImpl.detect()] | args: [com.example.model.Timetable@3327cc7b]
2026-04-17 09:13:39 [INFO ] [http-nio-8081-exec-7] com.example.aspect.AuditLogger - [SUCCESS] [PathConflictServiceImpl.detect()] | returned: null
2026-04-17 09:13:39 [INFO ] [http-nio-8081-exec-7] com.example.aspect.AuditLogger - [AFTER] [PathConflictServiceImpl.detect()] | execution finished
2026-04-17 09:13:39 [INFO ] [http-nio-8081-exec-7] com.example.aspect.AuditLogger - [SUCCESS] [TimetableServiceImpl.create()] | returned: TimetableResponse(id=6, departureTime=2026-05-02T08:00, arrivalTime=2026-05-02T20:00, pathCode=KOL-HYD, status=DRAFT, trainId=5)
2026-04-17 09:13:39 [INFO ] [http-nio-8081-exec-7] com.example.aspect.AuditLogger - [AFTER] [TimetableServiceImpl.create()] | execution finished
2026-04-17 09:15:18 [INFO ] [http-nio-8081-exec-1] com.example.aspect.AuditLogger - [BEFORE] [TimetableServiceImpl.updateStatus()] | args: [6, TimetableStatusRequest(status=PUBLISHED), admin@railflow.com]
2026-04-17 09:15:18 [INFO ] [http-nio-8081-exec-1] com.example.aspect.AuditLogger - [SUCCESS] [TimetableServiceImpl.updateStatus()] | returned: TimetableResponse(id=6, departureTime=2026-05-02T08:00, arrivalTime=2026-05-02T20:00, pathCode=KOL-HYD, status=PUBLISHED, trainId=5)
2026-04-17 09:15:18 [INFO ] [http-nio-8081-exec-1] com.example.aspect.AuditLogger - [AFTER] [TimetableServiceImpl.updateStatus()] | execution finished
2026-04-17 09:16:08 [INFO ] [http-nio-8081-exec-2] com.example.aspect.AuditLogger - [BEFORE] [TimetableServiceImpl.create()] | args: [TimetableRequest(trainId=5, departureTime=2026-05-03T08:00, arrivalTime=2026-05-03T20:00, pathCode=KOL-HYD), admin@railflow.com]
2026-04-17 09:16:08 [INFO ] [http-nio-8081-exec-2] com.example.aspect.AuditLogger - [BEFORE] [PathConflictServiceImpl.detect()] | args: [com.example.model.Timetable@6859f111]
2026-04-17 09:16:08 [INFO ] [http-nio-8081-exec-2] com.example.aspect.AuditLogger - [SUCCESS] [PathConflictServiceImpl.detect()] | returned: null
2026-04-17 09:16:08 [INFO ] [http-nio-8081-exec-2] com.example.aspect.AuditLogger - [AFTER] [PathConflictServiceImpl.detect()] | execution finished
2026-04-17 09:16:08 [INFO ] [http-nio-8081-exec-2] com.example.aspect.AuditLogger - [SUCCESS] [TimetableServiceImpl.create()] | returned: TimetableResponse(id=7, departureTime=2026-05-03T08:00, arrivalTime=2026-05-03T20:00, pathCode=KOL-HYD, status=DRAFT, trainId=5)
2026-04-17 09:16:08 [INFO ] [http-nio-8081-exec-2] com.example.aspect.AuditLogger - [AFTER] [TimetableServiceImpl.create()] | execution finished
2026-04-17 09:17:39 [INFO ] [http-nio-8081-exec-5] com.example.aspect.AuditLogger - [BEFORE] [TrainServiceImpl.register()] | args: [TrainRequest(number=TN106, operator=Eastern Railways, origin=Kolkata, destination=Hyderabad), admin@railflow.com]
2026-04-17 09:17:39 [INFO ] [http-nio-8081-exec-5] com.example.aspect.AuditLogger - [SUCCESS] [TrainServiceImpl.register()] | returned: TrainResponse(id=6, number=TN106, operator=Eastern Railways, origin=Kolkata, destination=Hyderabad, status=ACTIVE)
2026-04-17 09:17:39 [INFO ] [http-nio-8081-exec-5] com.example.aspect.AuditLogger - [AFTER] [TrainServiceImpl.register()] | execution finished
2026-04-17 09:18:07 [INFO ] [http-nio-8081-exec-6] com.example.aspect.AuditLogger - [BEFORE] [TimetableServiceImpl.create()] | args: [TimetableRequest(trainId=6, departureTime=2026-05-02T09:00, arrivalTime=2026-05-03T18:00, pathCode=KOL-HYD), admin@railflow.com]
2026-04-17 09:18:07 [INFO ] [http-nio-8081-exec-6] com.example.aspect.AuditLogger - [BEFORE] [PathConflictServiceImpl.detect()] | args: [com.example.model.Timetable@15d3552b]
2026-04-17 09:18:08 [INFO ] [http-nio-8081-exec-6] com.example.aspect.AuditLogger - [BEFORE] [NotificationServiceImpl.create()] | args: [NotificationCreateRequest(userId=1, role=ADMIN, message=Path conflict detected on route 'KOL-HYD' between timetable #8 and published timetable #6, entityId=2, entityType=TIMETABLE, category=CONFLICT)]
2026-04-17 09:18:08 [INFO ] [http-nio-8081-exec-6] com.example.aspect.AuditLogger - [SUCCESS] [NotificationServiceImpl.create()] | returned: NotificationResponse(id=7, userId=1, role=ADMIN, message=Path conflict detected on route 'KOL-HYD' between timetable #8 and published timetable #6, entityId=2, entityType=TIMETABLE, category=CONFLICT, status=UNREAD, createdAt=2026-04-17T09:18:08.045926300)
2026-04-17 09:18:08 [INFO ] [http-nio-8081-exec-6] com.example.aspect.AuditLogger - [AFTER] [NotificationServiceImpl.create()] | execution finished
2026-04-17 09:18:08 [INFO ] [http-nio-8081-exec-6] com.example.aspect.AuditLogger - [BEFORE] [NotificationServiceImpl.create()] | args: [NotificationCreateRequest(userId=2, role=DISPATCHER, message=Path conflict detected on route 'KOL-HYD' between timetable #8 and published timetable #6, entityId=2, entityType=TIMETABLE, category=CONFLICT)]
2026-04-17 09:18:08 [INFO ] [http-nio-8081-exec-6] com.example.aspect.AuditLogger - [SUCCESS] [NotificationServiceImpl.create()] | returned: NotificationResponse(id=8, userId=2, role=DISPATCHER, message=Path conflict detected on route 'KOL-HYD' between timetable #8 and published timetable #6, entityId=2, entityType=TIMETABLE, category=CONFLICT, status=UNREAD, createdAt=2026-04-17T09:18:08.070359700)
2026-04-17 09:18:08 [INFO ] [http-nio-8081-exec-6] com.example.aspect.AuditLogger - [AFTER] [NotificationServiceImpl.create()] | execution finished
2026-04-17 09:18:08 [INFO ] [http-nio-8081-exec-6] com.example.aspect.AuditLogger - [BEFORE] [TaskServiceImpl.create()] | args: [TaskCreateRequest(assignedTo=2, description=Resolve path conflict #2 on route 'KOL-HYD'. Timetable #8 is ON_HOLD pending resolution., relatedEntityType=TIMETABLE, relatedEntityId=2, dueDate=2026-04-18T09:18:08.090478)]
2026-04-17 09:18:08 [INFO ] [http-nio-8081-exec-6] com.example.aspect.AuditLogger - [SUCCESS] [TaskServiceImpl.create()] | returned: TaskResponse(id=2, assignedTo=2, description=Resolve path conflict #2 on route 'KOL-HYD'. Timetable #8 is ON_HOLD pending resolution., status=PENDING, relatedEntityId=2, relatedEntityType=TIMETABLE, dueDate=2026-04-18T09:18:08.090478, createdAt=2026-04-17T09:18:08.095665700)
2026-04-17 09:18:08 [INFO ] [http-nio-8081-exec-6] com.example.aspect.AuditLogger - [AFTER] [TaskServiceImpl.create()] | execution finished
2026-04-17 09:18:08 [INFO ] [http-nio-8081-exec-6] com.example.aspect.AuditLogger - [SUCCESS] [PathConflictServiceImpl.detect()] | returned: null
2026-04-17 09:18:08 [INFO ] [http-nio-8081-exec-6] com.example.aspect.AuditLogger - [AFTER] [PathConflictServiceImpl.detect()] | execution finished
2026-04-17 09:18:08 [INFO ] [http-nio-8081-exec-6] com.example.aspect.AuditLogger - [SUCCESS] [TimetableServiceImpl.create()] | returned: TimetableResponse(id=8, departureTime=2026-05-02T09:00, arrivalTime=2026-05-03T18:00, pathCode=KOL-HYD, status=ON_HOLD, trainId=6)
2026-04-17 09:18:08 [INFO ] [http-nio-8081-exec-6] com.example.aspect.AuditLogger - [AFTER] [TimetableServiceImpl.create()] | execution finished
2026-04-17 09:18:35 [INFO ] [http-nio-8081-exec-8] com.example.aspect.AuditLogger - [BEFORE] [PathConflictServiceImpl.getAllUnresolved()] | args: []
2026-04-17 09:18:35 [INFO ] [http-nio-8081-exec-8] com.example.aspect.AuditLogger - [SUCCESS] [PathConflictServiceImpl.getAllUnresolved()] | returned: [PathConflictResponse(id=2, resolutionStatus=UNRESOLVED, resolutionNote=null, resolvedBy=null, resolvedAt=null, detectedAt=2026-04-17T09:18:08.014968, timetableId1=8, pathCode1=KOL-HYD, departureTime1=2026-05-02T09:00, timetableId2=6, pathCode2=KOL-HYD, departureTime2=2026-05-02T08:00)]
2026-04-17 09:18:35 [INFO ] [http-nio-8081-exec-8] com.example.aspect.AuditLogger - [AFTER] [PathConflictServiceImpl.getAllUnresolved()] | execution finished
2026-04-17 09:20:05 [INFO ] [http-nio-8081-exec-1] com.example.aspect.AuditLogger - [BEFORE] [TimetableServiceImpl.getById()] | args: [8]
2026-04-17 09:20:05 [INFO ] [http-nio-8081-exec-1] com.example.aspect.AuditLogger - [SUCCESS] [TimetableServiceImpl.getById()] | returned: TimetableResponse(id=8, departureTime=2026-05-02T09:00, arrivalTime=2026-05-03T18:00, pathCode=KOL-HYD, status=ON_HOLD, trainId=6)
2026-04-17 09:20:05 [INFO ] [http-nio-8081-exec-1] com.example.aspect.AuditLogger - [AFTER] [TimetableServiceImpl.getById()] | execution finished
2026-04-17 09:21:02 [INFO ] [http-nio-8081-exec-2] com.example.aspect.AuditLogger - [BEFORE] [PathConflictServiceImpl.resolve()] | args: [2, ResolveConflictRequest(resolutionNote=Conflict was resolved by updating the timetable Id 8, newDepartureTime=2026-05-05T09:00, newArrivalTime=2026-05-04T09:00), admin@railflow.com]
2026-04-17 09:21:02 [ERROR] [http-nio-8081-exec-2] com.example.aspect.AuditLogger - [EXCEPTION] [PathConflictServiceImpl.resolve()] | error: Departure time 2026-05-05T09:00 must be before arrival time 2026-05-04T09:00 | type: InvalidTimeRangeException
2026-04-17 09:21:02 [INFO ] [http-nio-8081-exec-2] com.example.aspect.AuditLogger - [AFTER] [PathConflictServiceImpl.resolve()] | execution finished
2026-04-17 09:21:21 [INFO ] [http-nio-8081-exec-4] com.example.aspect.AuditLogger - [BEFORE] [PathConflictServiceImpl.resolve()] | args: [2, ResolveConflictRequest(resolutionNote=Conflict was resolved by updating the timetable Id 8, newDepartureTime=2026-05-04T09:00, newArrivalTime=2026-05-05T09:00), admin@railflow.com]
2026-04-17 09:21:21 [INFO ] [http-nio-8081-exec-4] com.example.aspect.AuditLogger - [BEFORE] [NotificationServiceImpl.create()] | args: [NotificationCreateRequest(userId=1, role=ADMIN, message=All conflicts for timetable #8 on route 'KOL-HYD' resolved by admin@railflow.com. Timetable rescheduled to 2026-05-04T09:00 → 2026-05-05T09:00 and is now PUBLISHED., entityId=2, entityType=TIMETABLE, category=CONFLICT)]
2026-04-17 09:21:21 [INFO ] [http-nio-8081-exec-4] com.example.aspect.AuditLogger - [SUCCESS] [NotificationServiceImpl.create()] | returned: NotificationResponse(id=9, userId=1, role=ADMIN, message=All conflicts for timetable #8 on route 'KOL-HYD' resolved by admin@railflow.com. Timetable rescheduled to 2026-05-04T09:00 → 2026-05-05T09:00 and is now PUBLISHED., entityId=2, entityType=TIMETABLE, category=CONFLICT, status=UNREAD, createdAt=2026-04-17T09:21:21.291875)
2026-04-17 09:21:21 [INFO ] [http-nio-8081-exec-4] com.example.aspect.AuditLogger - [AFTER] [NotificationServiceImpl.create()] | execution finished
2026-04-17 09:21:21 [INFO ] [http-nio-8081-exec-4] com.example.aspect.AuditLogger - [BEFORE] [NotificationServiceImpl.create()] | args: [NotificationCreateRequest(userId=2, role=DISPATCHER, message=All conflicts for timetable #8 on route 'KOL-HYD' resolved by admin@railflow.com. Timetable rescheduled to 2026-05-04T09:00 → 2026-05-05T09:00 and is now PUBLISHED., entityId=2, entityType=TIMETABLE, category=CONFLICT)]
2026-04-17 09:21:21 [INFO ] [http-nio-8081-exec-4] com.example.aspect.AuditLogger - [SUCCESS] [NotificationServiceImpl.create()] | returned: NotificationResponse(id=10, userId=2, role=DISPATCHER, message=All conflicts for timetable #8 on route 'KOL-HYD' resolved by admin@railflow.com. Timetable rescheduled to 2026-05-04T09:00 → 2026-05-05T09:00 and is now PUBLISHED., entityId=2, entityType=TIMETABLE, category=CONFLICT, status=UNREAD, createdAt=2026-04-17T09:21:21.306074400)
2026-04-17 09:21:21 [INFO ] [http-nio-8081-exec-4] com.example.aspect.AuditLogger - [AFTER] [NotificationServiceImpl.create()] | execution finished
2026-04-17 09:21:21 [INFO ] [http-nio-8081-exec-4] com.example.aspect.AuditLogger - [SUCCESS] [PathConflictServiceImpl.resolve()] | returned: PathConflictResponse(id=2, resolutionStatus=RESOLVED, resolutionNote=Conflict was resolved by updating the timetable Id 8, resolvedBy=admin@railflow.com, resolvedAt=2026-04-17T09:21:21.239771600, detectedAt=2026-04-17T09:18:08.014968, timetableId1=8, pathCode1=KOL-HYD, departureTime1=2026-05-04T09:00, timetableId2=6, pathCode2=KOL-HYD, departureTime2=2026-05-02T08:00)
2026-04-17 09:21:21 [INFO ] [http-nio-8081-exec-4] com.example.aspect.AuditLogger - [AFTER] [PathConflictServiceImpl.resolve()] | execution finished
2026-04-17 09:21:37 [INFO ] [http-nio-8081-exec-5] com.example.aspect.AuditLogger - [BEFORE] [TimetableServiceImpl.getById()] | args: [8]
2026-04-17 09:21:37 [INFO ] [http-nio-8081-exec-5] com.example.aspect.AuditLogger - [SUCCESS] [TimetableServiceImpl.getById()] | returned: TimetableResponse(id=8, departureTime=2026-05-04T09:00, arrivalTime=2026-05-05T09:00, pathCode=KOL-HYD, status=DRAFT, trainId=6)
2026-04-17 09:21:37 [INFO ] [http-nio-8081-exec-5] com.example.aspect.AuditLogger - [AFTER] [TimetableServiceImpl.getById()] | execution finished
2026-04-17 09:22:14 [INFO ] [http-nio-8081-exec-7] com.example.aspect.AuditLogger - [BEFORE] [TimetableServiceImpl.getAllByPageAndSort()] | args: [0, 5, DepartureTime]
2026-04-17 09:22:14 [INFO ] [http-nio-8081-exec-7] com.example.aspect.AuditLogger - [SUCCESS] [TimetableServiceImpl.getAllByPageAndSort()] | returned: PageResponse(data=[TimetableResponse(id=1, departureTime=2026-05-01T09:00, arrivalTime=2026-05-01T17:00, pathCode=CHN-MUM-001, status=PUBLISHED, trainId=1), TimetableResponse(id=5, departureTime=2026-05-01T18:30, arrivalTime=2026-05-01T20:30, pathCode=CHN-MUM-001, status=PUBLISHED, trainId=1), TimetableResponse(id=2, departureTime=2026-05-02T08:00, arrivalTime=2026-05-02T20:00, pathCode=CHN-DEL-001, status=DRAFT, trainId=2), TimetableResponse(id=3, departureTime=2026-05-02T08:00, arrivalTime=2026-05-02T20:00, pathCode=CHN-DEL-001, status=DRAFT, trainId=2), TimetableResponse(id=6, departureTime=2026-05-02T08:00, arrivalTime=2026-05-02T20:00, pathCode=KOL-HYD, status=PUBLISHED, trainId=5)], totalPages=2, totalRecords=8)
2026-04-17 09:22:14 [INFO ] [http-nio-8081-exec-7] com.example.aspect.AuditLogger - [AFTER] [TimetableServiceImpl.getAllByPageAndSort()] | execution finished
2026-04-17 09:23:29 [INFO ] [http-nio-8081-exec-10] com.example.aspect.AuditLogger - [BEFORE] [TimetableServiceImpl.getAllByPageAndSort()] | args: [0, 8, id]
2026-04-17 09:23:29 [INFO ] [http-nio-8081-exec-10] com.example.aspect.AuditLogger - [SUCCESS] [TimetableServiceImpl.getAllByPageAndSort()] | returned: PageResponse(data=[TimetableResponse(id=1, departureTime=2026-05-01T09:00, arrivalTime=2026-05-01T17:00, pathCode=CHN-MUM-001, status=PUBLISHED, trainId=1), TimetableResponse(id=2, departureTime=2026-05-02T08:00, arrivalTime=2026-05-02T20:00, pathCode=CHN-DEL-001, status=DRAFT, trainId=2), TimetableResponse(id=3, departureTime=2026-05-02T08:00, arrivalTime=2026-05-02T20:00, pathCode=CHN-DEL-001, status=DRAFT, trainId=2), TimetableResponse(id=4, departureTime=2026-05-03T07:00, arrivalTime=2026-05-03T22:00, pathCode=MUM-KOL-001, status=DRAFT, trainId=3), TimetableResponse(id=5, departureTime=2026-05-01T18:30, arrivalTime=2026-05-01T20:30, pathCode=CHN-MUM-001, status=PUBLISHED, trainId=1), TimetableResponse(id=6, departureTime=2026-05-02T08:00, arrivalTime=2026-05-02T20:00, pathCode=KOL-HYD, status=PUBLISHED, trainId=5), TimetableResponse(id=7, departureTime=2026-05-03T08:00, arrivalTime=2026-05-03T20:00, pathCode=KOL-HYD, status=DRAFT, trainId=5), TimetableResponse(id=8, departureTime=2026-05-04T09:00, arrivalTime=2026-05-05T09:00, pathCode=KOL-HYD, status=DRAFT, trainId=6)], totalPages=1, totalRecords=8)
2026-04-17 09:23:29 [INFO ] [http-nio-8081-exec-10] com.example.aspect.AuditLogger - [AFTER] [TimetableServiceImpl.getAllByPageAndSort()] | execution finished
2026-04-17 09:24:19 [INFO ] [http-nio-8081-exec-1] com.example.aspect.AuditLogger - [BEFORE] [TimetableServiceImpl.getAssets()] | args: [1]
2026-04-17 09:24:19 [INFO ] [http-nio-8081-exec-1] com.example.aspect.AuditLogger - [SUCCESS] [TimetableServiceImpl.getAssets()] | returned: TimetableAssetsResponse(timetableId=1, trainId=1, departureTime=2026-05-01T09:00, arrivalTime=2026-05-01T17:00, status=null, wagons=[WagonDTO(id=1, wagonNumber=WAG-TAN-001, type=TANKER)], locomotives=[LocomotiveDTO(id=1, locomotiveNumber=LOCO-001, model=WAP-7)])
2026-04-17 09:24:19 [INFO ] [http-nio-8081-exec-1] com.example.aspect.AuditLogger - [AFTER] [TimetableServiceImpl.getAssets()] | execution finished
2026-04-17 09:25:36 [INFO ] [http-nio-8081-exec-3] com.example.aspect.AuditLogger - [BEFORE] [TimetableServiceImpl.getAssets()] | args: [2]
2026-04-17 09:25:37 [INFO ] [http-nio-8081-exec-3] com.example.aspect.AuditLogger - [SUCCESS] [TimetableServiceImpl.getAssets()] | returned: TimetableAssetsResponse(timetableId=2, trainId=2, departureTime=2026-05-02T08:00, arrivalTime=2026-05-02T20:00, status=null, wagons=[], locomotives=[])
2026-04-17 09:25:37 [INFO ] [http-nio-8081-exec-3] com.example.aspect.AuditLogger - [AFTER] [TimetableServiceImpl.getAssets()] | execution finished
2026-04-17 09:29:07 [INFO ] [http-nio-8081-exec-7] com.example.aspect.AuditLogger - [BEFORE] [LocomotiveAssignmentServiceImpl.assign()] | args: [LocomotiveAssignmentRequest(timetableId=5, locomotiveId=1)]
2026-04-17 09:29:07 [INFO ] [http-nio-8081-exec-7] com.example.aspect.AuditLogger - [SUCCESS] [LocomotiveAssignmentServiceImpl.assign()] | returned: LocomotiveAssignmentResponse(id=2, timetableId=5, locomotiveId=1, locomotiveModel=WAP-7, serialNumber=LOCO-001, status=PENDING)
2026-04-17 09:29:07 [INFO ] [http-nio-8081-exec-7] com.example.aspect.AuditLogger - [AFTER] [LocomotiveAssignmentServiceImpl.assign()] | execution finished
2026-04-17 09:38:16 [INFO ] [http-nio-8081-exec-9] com.example.aspect.AuditLogger - [BEFORE] [TimetableServiceImpl.getById()] | args: [8]
2026-04-17 09:38:16 [INFO ] [http-nio-8081-exec-9] com.example.aspect.AuditLogger - [SUCCESS] [TimetableServiceImpl.getById()] | returned: TimetableResponse(id=8, departureTime=2026-05-04T09:00, arrivalTime=2026-05-05T09:00, pathCode=KOL-HYD, status=DRAFT, trainId=6)
2026-04-17 09:38:16 [INFO ] [http-nio-8081-exec-9] com.example.aspect.AuditLogger - [AFTER] [TimetableServiceImpl.getById()] | execution finished
2026-04-17 09:39:12 [INFO ] [http-nio-8081-exec-2] com.example.aspect.AuditLogger - [BEFORE] [TimetableServiceImpl.update()] | args: [8, TimetableUpdateRequest(departureTime=2026-05-05T09:00, arrivalTime=2026-05-06T09:00, pathCode=KOL-HYD), admin@railflow.com]
2026-04-17 09:39:12 [INFO ] [http-nio-8081-exec-2] com.example.aspect.AuditLogger - [SUCCESS] [TimetableServiceImpl.update()] | returned: TimetableResponse(id=8, departureTime=2026-05-05T09:00, arrivalTime=2026-05-06T09:00, pathCode=KOL-HYD, status=DRAFT, trainId=6)
2026-04-17 09:39:12 [INFO ] [http-nio-8081-exec-2] com.example.aspect.AuditLogger - [AFTER] [TimetableServiceImpl.update()] | execution finished
2026-04-17 09:40:10 [INFO ] [http-nio-8081-exec-4] com.example.aspect.AuditLogger - [BEFORE] [TimetableServiceImpl.getAll()] | args: [PUBLISHED]
2026-04-17 09:40:10 [INFO ] [http-nio-8081-exec-4] com.example.aspect.AuditLogger - [SUCCESS] [TimetableServiceImpl.getAll()] | returned: [TimetableResponse(id=1, departureTime=2026-05-01T09:00, arrivalTime=2026-05-01T17:00, pathCode=CHN-MUM-001, status=PUBLISHED, trainId=1), TimetableResponse(id=2, departureTime=2026-05-02T08:00, arrivalTime=2026-05-02T20:00, pathCode=CHN-DEL-001, status=DRAFT, trainId=2), TimetableResponse(id=3, departureTime=2026-05-02T08:00, arrivalTime=2026-05-02T20:00, pathCode=CHN-DEL-001, status=DRAFT, trainId=2), TimetableResponse(id=4, departureTime=2026-05-03T07:00, arrivalTime=2026-05-03T22:00, pathCode=MUM-KOL-001, status=DRAFT, trainId=3), TimetableResponse(id=5, departureTime=2026-05-01T18:30, arrivalTime=2026-05-01T20:30, pathCode=CHN-MUM-001, status=PUBLISHED, trainId=1), TimetableResponse(id=6, departureTime=2026-05-02T08:00, arrivalTime=2026-05-02T20:00, pathCode=KOL-HYD, status=PUBLISHED, trainId=5), TimetableResponse(id=7, departureTime=2026-05-03T08:00, arrivalTime=2026-05-03T20:00, pathCode=KOL-HYD, status=DRAFT, trainId=5), TimetableResponse(id=8, departureTime=2026-05-05T09:00, arrivalTime=2026-05-06T09:00, pathCode=KOL-HYD, status=DRAFT, trainId=6)]
2026-04-17 09:40:10 [INFO ] [http-nio-8081-exec-4] com.example.aspect.AuditLogger - [AFTER] [TimetableServiceImpl.getAll()] | execution finished
2026-04-17 09:42:07 [INFO ] [http-nio-8081-exec-5] com.example.aspect.AuditLogger - [BEFORE] [TimetableServiceImpl.getAll()] | args: [PUBLISHED]
2026-04-17 09:42:07 [INFO ] [http-nio-8081-exec-5] com.example.aspect.AuditLogger - [SUCCESS] [TimetableServiceImpl.getAll()] | returned: [TimetableResponse(id=1, departureTime=2026-05-01T09:00, arrivalTime=2026-05-01T17:00, pathCode=CHN-MUM-001, status=PUBLISHED, trainId=1), TimetableResponse(id=2, departureTime=2026-05-02T08:00, arrivalTime=2026-05-02T20:00, pathCode=CHN-DEL-001, status=DRAFT, trainId=2), TimetableResponse(id=3, departureTime=2026-05-02T08:00, arrivalTime=2026-05-02T20:00, pathCode=CHN-DEL-001, status=DRAFT, trainId=2), TimetableResponse(id=4, departureTime=2026-05-03T07:00, arrivalTime=2026-05-03T22:00, pathCode=MUM-KOL-001, status=DRAFT, trainId=3), TimetableResponse(id=5, departureTime=2026-05-01T18:30, arrivalTime=2026-05-01T20:30, pathCode=CHN-MUM-001, status=PUBLISHED, trainId=1), TimetableResponse(id=6, departureTime=2026-05-02T08:00, arrivalTime=2026-05-02T20:00, pathCode=KOL-HYD, status=PUBLISHED, trainId=5), TimetableResponse(id=7, departureTime=2026-05-03T08:00, arrivalTime=2026-05-03T20:00, pathCode=KOL-HYD, status=DRAFT, trainId=5), TimetableResponse(id=8, departureTime=2026-05-05T09:00, arrivalTime=2026-05-06T09:00, pathCode=KOL-HYD, status=DRAFT, trainId=6)]
2026-04-17 09:42:07 [INFO ] [http-nio-8081-exec-5] com.example.aspect.AuditLogger - [AFTER] [TimetableServiceImpl.getAll()] | execution finished
2026-04-17 09:42:19 [INFO ] [main] com.example.Application - Starting Application using Java 21.0.10 with PID 27820 (C:\Users\2485184\RAILFLOW\target\classes started by 2485184 in C:\Users\2485184\RAILFLOW)
2026-04-17 09:42:19 [INFO ] [main] com.example.Application - No active profile set, falling back to 1 default profile: "default"
2026-04-17 09:42:34 [INFO ] [main] com.example.Application - Started Application in 15.743 seconds (process running for 16.48)
2026-04-17 09:42:39 [INFO ] [http-nio-8081-exec-1] com.example.aspect.AuditLogger - [BEFORE] [TimetableServiceImpl.getAll()] | args: [PUBLISHED]
2026-04-17 09:42:39 [INFO ] [http-nio-8081-exec-1] com.example.aspect.AuditLogger - [SUCCESS] [TimetableServiceImpl.getAll()] | returned: [TimetableResponse(id=1, departureTime=2026-05-01T09:00, arrivalTime=2026-05-01T17:00, pathCode=CHN-MUM-001, status=PUBLISHED, trainId=1), TimetableResponse(id=5, departureTime=2026-05-01T18:30, arrivalTime=2026-05-01T20:30, pathCode=CHN-MUM-001, status=PUBLISHED, trainId=1), TimetableResponse(id=6, departureTime=2026-05-02T08:00, arrivalTime=2026-05-02T20:00, pathCode=KOL-HYD, status=PUBLISHED, trainId=5)]
2026-04-17 09:42:39 [INFO ] [http-nio-8081-exec-1] com.example.aspect.AuditLogger - [AFTER] [TimetableServiceImpl.getAll()] | execution finished
2026-04-17 09:43:02 [INFO ] [http-nio-8081-exec-3] com.example.aspect.AuditLogger - [BEFORE] [TimetableServiceImpl.getAllByPageAndSort()] | args: [0, 8, ArrivalTime]
2026-04-17 09:43:02 [INFO ] [http-nio-8081-exec-3] com.example.aspect.AuditLogger - [SUCCESS] [TimetableServiceImpl.getAllByPageAndSort()] | returned: PageResponse(data=[TimetableResponse(id=1, departureTime=2026-05-01T09:00, arrivalTime=2026-05-01T17:00, pathCode=CHN-MUM-001, status=PUBLISHED, trainId=1), TimetableResponse(id=5, departureTime=2026-05-01T18:30, arrivalTime=2026-05-01T20:30, pathCode=CHN-MUM-001, status=PUBLISHED, trainId=1), TimetableResponse(id=2, departureTime=2026-05-02T08:00, arrivalTime=2026-05-02T20:00, pathCode=CHN-DEL-001, status=DRAFT, trainId=2), TimetableResponse(id=3, departureTime=2026-05-02T08:00, arrivalTime=2026-05-02T20:00, pathCode=CHN-DEL-001, status=DRAFT, trainId=2), TimetableResponse(id=6, departureTime=2026-05-02T08:00, arrivalTime=2026-05-02T20:00, pathCode=KOL-HYD, status=PUBLISHED, trainId=5), TimetableResponse(id=7, departureTime=2026-05-03T08:00, arrivalTime=2026-05-03T20:00, pathCode=KOL-HYD, status=DRAFT, trainId=5), TimetableResponse(id=4, departureTime=2026-05-03T07:00, arrivalTime=2026-05-03T22:00, pathCode=MUM-KOL-001, status=DRAFT, trainId=3), TimetableResponse(id=8, departureTime=2026-05-05T09:00, arrivalTime=2026-05-06T09:00, pathCode=KOL-HYD, status=DRAFT, trainId=6)], totalPages=1, totalRecords=8)
2026-04-17 09:43:02 [INFO ] [http-nio-8081-exec-3] com.example.aspect.AuditLogger - [AFTER] [TimetableServiceImpl.getAllByPageAndSort()] | execution finished
2026-04-17 09:43:19 [INFO ] [http-nio-8081-exec-4] com.example.aspect.AuditLogger - [BEFORE] [TimetableServiceImpl.getById()] | args: [8]
2026-04-17 09:43:19 [INFO ] [http-nio-8081-exec-4] com.example.aspect.AuditLogger - [SUCCESS] [TimetableServiceImpl.getById()] | returned: TimetableResponse(id=8, departureTime=2026-05-05T09:00, arrivalTime=2026-05-06T09:00, pathCode=KOL-HYD, status=DRAFT, trainId=6)
2026-04-17 09:43:19 [INFO ] [http-nio-8081-exec-4] com.example.aspect.AuditLogger - [AFTER] [TimetableServiceImpl.getById()] | execution finished
2026-04-17 09:43:45 [INFO ] [http-nio-8081-exec-5] com.example.aspect.AuditLogger - [BEFORE] [TimetableServiceImpl.updateStatus()] | args: [2, TimetableStatusRequest(status=PUBLISHED), admin@railflow.com]
2026-04-17 09:43:45 [INFO ] [http-nio-8081-exec-5] com.example.aspect.AuditLogger - [SUCCESS] [TimetableServiceImpl.updateStatus()] | returned: TimetableResponse(id=2, departureTime=2026-05-02T08:00, arrivalTime=2026-05-02T20:00, pathCode=CHN-DEL-001, status=PUBLISHED, trainId=2)
2026-04-17 09:43:45 [INFO ] [http-nio-8081-exec-5] com.example.aspect.AuditLogger - [AFTER] [TimetableServiceImpl.updateStatus()] | execution finished
2026-04-17 09:44:01 [INFO ] [http-nio-8081-exec-6] com.example.aspect.AuditLogger - [BEFORE] [TimetableServiceImpl.getAssets()] | args: [2]
2026-04-17 09:44:01 [INFO ] [http-nio-8081-exec-6] com.example.aspect.AuditLogger - [SUCCESS] [TimetableServiceImpl.getAssets()] | returned: TimetableAssetsResponse(timetableId=2, trainId=2, departureTime=2026-05-02T08:00, arrivalTime=2026-05-02T20:00, status=null, wagons=[], locomotives=[])
2026-04-17 09:44:01 [INFO ] [http-nio-8081-exec-6] com.example.aspect.AuditLogger - [AFTER] [TimetableServiceImpl.getAssets()] | execution finished
2026-04-17 09:44:06 [INFO ] [http-nio-8081-exec-8] com.example.aspect.AuditLogger - [BEFORE] [TimetableServiceImpl.getAssets()] | args: [1]
2026-04-17 09:44:06 [INFO ] [http-nio-8081-exec-8] com.example.aspect.AuditLogger - [SUCCESS] [TimetableServiceImpl.getAssets()] | returned: TimetableAssetsResponse(timetableId=1, trainId=1, departureTime=2026-05-01T09:00, arrivalTime=2026-05-01T17:00, status=null, wagons=[WagonDTO(id=1, wagonNumber=WAG-TAN-001, type=TANKER)], locomotives=[LocomotiveDTO(id=1, locomotiveNumber=LOCO-001, model=WAP-7)])
2026-04-17 09:44:06 [INFO ] [http-nio-8081-exec-8] com.example.aspect.AuditLogger - [AFTER] [TimetableServiceImpl.getAssets()] | execution finished
2026-04-17 09:44:16 [INFO ] [http-nio-8081-exec-7] com.example.aspect.AuditLogger - [BEFORE] [PathConflictServiceImpl.getAllUnresolved()] | args: []
2026-04-17 09:44:16 [INFO ] [http-nio-8081-exec-7] com.example.aspect.AuditLogger - [SUCCESS] [PathConflictServiceImpl.getAllUnresolved()] | returned: []
2026-04-17 09:44:16 [INFO ] [http-nio-8081-exec-7] com.example.aspect.AuditLogger - [AFTER] [PathConflictServiceImpl.getAllUnresolved()] | execution finished
2026-04-17 09:45:50 [INFO ] [http-nio-8081-exec-2] com.example.aspect.AuditLogger - [BEFORE] [TimetableServiceImpl.update()] | args: [8, TimetableUpdateRequest(departureTime=2026-05-06T09:00, arrivalTime=2026-05-07T09:00, pathCode=KOL-HYD), admin@railflow.com]
2026-04-17 09:45:50 [INFO ] [http-nio-8081-exec-2] com.example.aspect.AuditLogger - [SUCCESS] [TimetableServiceImpl.update()] | returned: TimetableResponse(id=8, departureTime=2026-05-06T09:00, arrivalTime=2026-05-07T09:00, pathCode=KOL-HYD, status=DRAFT, trainId=6)
2026-04-17 09:45:50 [INFO ] [http-nio-8081-exec-2] com.example.aspect.AuditLogger - [AFTER] [TimetableServiceImpl.update()] | execution finished
2026-04-17 09:46:33 [INFO ] [http-nio-8081-exec-1] com.example.aspect.AuditLogger - [BEFORE] [TimetableServiceImpl.getById()] | args: [8]
2026-04-17 09:46:33 [INFO ] [http-nio-8081-exec-1] com.example.aspect.AuditLogger - [SUCCESS] [TimetableServiceImpl.getById()] | returned: TimetableResponse(id=8, departureTime=2026-05-06T09:00, arrivalTime=2026-05-07T09:00, pathCode=KOL-HYD, status=DRAFT, trainId=6)
2026-04-17 09:46:33 [INFO ] [http-nio-8081-exec-1] com.example.aspect.AuditLogger - [AFTER] [TimetableServiceImpl.getById()] | execution finished
2026-04-17 09:47:26 [INFO ] [http-nio-8081-exec-3] com.example.aspect.AuditLogger - [BEFORE] [TimetableServiceImpl.create()] | args: [TimetableRequest(trainId=2, departureTime=2026-05-05T09:00, arrivalTime=2026-05-06T18:00, pathCode=CHN-DEL), admin@railflow.com]
2026-04-17 09:47:26 [INFO ] [http-nio-8081-exec-3] com.example.aspect.AuditLogger - [BEFORE] [PathConflictServiceImpl.detect()] | args: [com.example.model.Timetable@5e2e51da]
2026-04-17 09:47:26 [INFO ] [http-nio-8081-exec-3] com.example.aspect.AuditLogger - [SUCCESS] [PathConflictServiceImpl.detect()] | returned: null
2026-04-17 09:47:26 [INFO ] [http-nio-8081-exec-3] com.example.aspect.AuditLogger - [AFTER] [PathConflictServiceImpl.detect()] | execution finished
2026-04-17 09:47:26 [INFO ] [http-nio-8081-exec-3] com.example.aspect.AuditLogger - [SUCCESS] [TimetableServiceImpl.create()] | returned: TimetableResponse(id=9, departureTime=2026-05-05T09:00, arrivalTime=2026-05-06T18:00, pathCode=CHN-DEL, status=DRAFT, trainId=2)
2026-04-17 09:47:26 [INFO ] [http-nio-8081-exec-3] com.example.aspect.AuditLogger - [AFTER] [TimetableServiceImpl.create()] | execution finished
2026-04-17 13:24:18 [INFO ] [main] com.example.Application - Starting Application using Java 21.0.10 with PID 11972 (C:\Users\2485184\RAILFLOW\target\classes started by 2485184 in C:\Users\2485184\RAILFLOW)
2026-04-17 13:24:18 [INFO ] [main] com.example.Application - No active profile set, falling back to 1 default profile: "default"
2026-04-17 13:24:40 [INFO ] [main] com.example.Application - Started Application in 23.085 seconds (process running for 24.323)
2026-04-17 13:24:58 [INFO ] [http-nio-8081-exec-5] com.example.aspect.AuditLogger - [BEFORE] [AuthServiceImpl.login()] | args: [LoginRequest(email=admin@railflow.com, password=admin123)]
2026-04-17 13:24:59 [INFO ] [http-nio-8081-exec-5] com.example.aspect.AuditLogger - [SUCCESS] [AuthServiceImpl.login()] | returned: JwtResponse(token=eyJhbGciOiJIUzUxMiJ9.eyJzdWIiOiJhZG1pbkByYWlsZmxvdy5jb20iLCJyb2xlIjoiQURNSU4iLCJ1c2VySWQiOjEsImlhdCI6MTc3NjQxMjQ5OSwiZXhwIjoxNzc2NDk4ODk5fQ.GM4LMWRncDk9-dPwjv3i6dojdKOt8xkCF0ReNrxGGgifWEPDM3IfEDrrMzv00PMzFrNfom22CjA00ts-8kUUtQ, role=ADMIN, email=admin@railflow.com, name=Super Admin)
2026-04-17 13:24:59 [INFO ] [http-nio-8081-exec-5] com.example.aspect.AuditLogger - [AFTER] [AuthServiceImpl.login()] | execution finished
2026-04-17 13:25:37 [INFO ] [http-nio-8081-exec-2] com.example.aspect.AuditLogger - [BEFORE] [TimetableServiceImpl.getAll()] | args: [PUBLISHED]
2026-04-17 13:25:38 [INFO ] [http-nio-8081-exec-2] com.example.aspect.AuditLogger - [SUCCESS] [TimetableServiceImpl.getAll()] | returned: [TimetableResponse(id=1, departureTime=2026-05-01T09:00, arrivalTime=2026-05-01T17:00, pathCode=CHN-MUM-001, status=PUBLISHED, trainId=1), TimetableResponse(id=2, departureTime=2026-05-02T08:00, arrivalTime=2026-05-02T20:00, pathCode=CHN-DEL-001, status=PUBLISHED, trainId=2), TimetableResponse(id=5, departureTime=2026-05-01T18:30, arrivalTime=2026-05-01T20:30, pathCode=CHN-MUM-001, status=PUBLISHED, trainId=1), TimetableResponse(id=6, departureTime=2026-05-02T08:00, arrivalTime=2026-05-02T20:00, pathCode=KOL-HYD, status=PUBLISHED, trainId=5)]
2026-04-17 13:25:38 [INFO ] [http-nio-8081-exec-2] com.example.aspect.AuditLogger - [AFTER] [TimetableServiceImpl.getAll()] | execution finished
2026-04-17 13:25:46 [INFO ] [http-nio-8081-exec-3] com.example.aspect.AuditLogger - [BEFORE] [TimetableServiceImpl.getAll()] | args: [DRAFT]
2026-04-17 13:25:46 [INFO ] [http-nio-8081-exec-3] com.example.aspect.AuditLogger - [SUCCESS] [TimetableServiceImpl.getAll()] | returned: [TimetableResponse(id=3, departureTime=2026-05-02T08:00, arrivalTime=2026-05-02T20:00, pathCode=CHN-DEL-001, status=DRAFT, trainId=2), TimetableResponse(id=4, departureTime=2026-05-03T07:00, arrivalTime=2026-05-03T22:00, pathCode=MUM-KOL-001, status=DRAFT, trainId=3), TimetableResponse(id=7, departureTime=2026-05-03T08:00, arrivalTime=2026-05-03T20:00, pathCode=KOL-HYD, status=DRAFT, trainId=5), TimetableResponse(id=8, departureTime=2026-05-06T09:00, arrivalTime=2026-05-07T09:00, pathCode=KOL-HYD, status=DRAFT, trainId=6), TimetableResponse(id=9, departureTime=2026-05-05T09:00, arrivalTime=2026-05-06T18:00, pathCode=CHN-DEL, status=DRAFT, trainId=2)]
2026-04-17 13:25:46 [INFO ] [http-nio-8081-exec-3] com.example.aspect.AuditLogger - [AFTER] [TimetableServiceImpl.getAll()] | execution finished
2026-04-17 13:26:14 [INFO ] [http-nio-8081-exec-10] com.example.aspect.AuditLogger - [BEFORE] [TimetableServiceImpl.getAssets()] | args: [1]
2026-04-17 13:26:14 [INFO ] [http-nio-8081-exec-10] com.example.aspect.AuditLogger - [SUCCESS] [TimetableServiceImpl.getAssets()] | returned: TimetableAssetsResponse(timetableId=1, trainId=1, departureTime=2026-05-01T09:00, arrivalTime=2026-05-01T17:00, status=null, wagons=[WagonDTO(id=1, wagonNumber=WAG-TAN-001, type=TANKER)], locomotives=[LocomotiveDTO(id=1, locomotiveNumber=LOCO-001, model=WAP-7)])
2026-04-17 13:26:14 [INFO ] [http-nio-8081-exec-10] com.example.aspect.AuditLogger - [AFTER] [TimetableServiceImpl.getAssets()] | execution finished
2026-04-17 13:26:29 [INFO ] [http-nio-8081-exec-1] com.example.aspect.AuditLogger - [BEFORE] [TimetableServiceImpl.updateStatus()] | args: [2, TimetableStatusRequest(status=PUBLISHED), admin@railflow.com]
2026-04-17 13:26:29 [ERROR] [http-nio-8081-exec-1] com.example.aspect.AuditLogger - [EXCEPTION] [TimetableServiceImpl.updateStatus()] | error: Timetable #2 cannot transition from PUBLISHED to PUBLISHED | type: IllegalStateException
2026-04-17 13:26:29 [INFO ] [http-nio-8081-exec-1] com.example.aspect.AuditLogger - [AFTER] [TimetableServiceImpl.updateStatus()] | execution finished
2026-04-17 13:27:12 [INFO ] [http-nio-8081-exec-8] com.example.aspect.AuditLogger - [BEFORE] [TimetableServiceImpl.updateStatus()] | args: [3, TimetableStatusRequest(status=PUBLISHED), admin@railflow.com]
2026-04-17 13:27:12 [INFO ] [http-nio-8081-exec-8] com.example.aspect.AuditLogger - [SUCCESS] [TimetableServiceImpl.updateStatus()] | returned: TimetableResponse(id=3, departureTime=2026-05-02T08:00, arrivalTime=2026-05-02T20:00, pathCode=CHN-DEL-001, status=PUBLISHED, trainId=2)
2026-04-17 13:27:12 [INFO ] [http-nio-8081-exec-8] com.example.aspect.AuditLogger - [AFTER] [TimetableServiceImpl.updateStatus()] | execution finished
2026-04-17 13:27:25 [INFO ] [http-nio-8081-exec-6] com.example.aspect.AuditLogger - [BEFORE] [TimetableServiceImpl.getAllByPageAndSort()] | args: [0, 8, ArrivalTime]
2026-04-17 13:27:25 [INFO ] [http-nio-8081-exec-6] com.example.aspect.AuditLogger - [SUCCESS] [TimetableServiceImpl.getAllByPageAndSort()] | returned: PageResponse(data=[TimetableResponse(id=1, departureTime=2026-05-01T09:00, arrivalTime=2026-05-01T17:00, pathCode=CHN-MUM-001, status=PUBLISHED, trainId=1), TimetableResponse(id=5, departureTime=2026-05-01T18:30, arrivalTime=2026-05-01T20:30, pathCode=CHN-MUM-001, status=PUBLISHED, trainId=1), TimetableResponse(id=2, departureTime=2026-05-02T08:00, arrivalTime=2026-05-02T20:00, pathCode=CHN-DEL-001, status=PUBLISHED, trainId=2), TimetableResponse(id=3, departureTime=2026-05-02T08:00, arrivalTime=2026-05-02T20:00, pathCode=CHN-DEL-001, status=PUBLISHED, trainId=2), TimetableResponse(id=6, departureTime=2026-05-02T08:00, arrivalTime=2026-05-02T20:00, pathCode=KOL-HYD, status=PUBLISHED, trainId=5), TimetableResponse(id=7, departureTime=2026-05-03T08:00, arrivalTime=2026-05-03T20:00, pathCode=KOL-HYD, status=DRAFT, trainId=5), TimetableResponse(id=4, departureTime=2026-05-03T07:00, arrivalTime=2026-05-03T22:00, pathCode=MUM-KOL-001, status=DRAFT, trainId=3), TimetableResponse(id=9, departureTime=2026-05-05T09:00, arrivalTime=2026-05-06T18:00, pathCode=CHN-DEL, status=DRAFT, trainId=2)], totalPages=2, totalRecords=9)
2026-04-17 13:27:25 [INFO ] [http-nio-8081-exec-6] com.example.aspect.AuditLogger - [AFTER] [TimetableServiceImpl.getAllByPageAndSort()] | execution finished
2026-04-17 13:29:25 [INFO ] [http-nio-8081-exec-4] com.example.aspect.AuditLogger - [BEFORE] [TimetableServiceImpl.getAssets()] | args: [2]
2026-04-17 13:29:25 [INFO ] [http-nio-8081-exec-4] com.example.aspect.AuditLogger - [SUCCESS] [TimetableServiceImpl.getAssets()] | returned: TimetableAssetsResponse(timetableId=2, trainId=2, departureTime=2026-05-02T08:00, arrivalTime=2026-05-02T20:00, status=null, wagons=[], locomotives=[])
2026-04-17 13:29:25 [INFO ] [http-nio-8081-exec-4] com.example.aspect.AuditLogger - [AFTER] [TimetableServiceImpl.getAssets()] | execution finished
2026-04-17 13:30:21 [INFO ] [http-nio-8081-exec-5] com.example.aspect.AuditLogger - [BEFORE] [TimetableServiceImpl.updateStatus()] | args: [7, TimetableStatusRequest(status=PUBLISHED), admin@railflow.com]
2026-04-17 13:30:21 [INFO ] [http-nio-8081-exec-5] com.example.aspect.AuditLogger - [SUCCESS] [TimetableServiceImpl.updateStatus()] | returned: TimetableResponse(id=7, departureTime=2026-05-03T08:00, arrivalTime=2026-05-03T20:00, pathCode=KOL-HYD, status=PUBLISHED, trainId=5)
2026-04-17 13:30:21 [INFO ] [http-nio-8081-exec-5] com.example.aspect.AuditLogger - [AFTER] [TimetableServiceImpl.updateStatus()] | execution finished
2026-04-17 13:30:25 [INFO ] [http-nio-8081-exec-2] com.example.aspect.AuditLogger - [BEFORE] [TimetableServiceImpl.updateStatus()] | args: [8, TimetableStatusRequest(status=PUBLISHED), admin@railflow.com]
2026-04-17 13:30:25 [INFO ] [http-nio-8081-exec-2] com.example.aspect.AuditLogger - [SUCCESS] [TimetableServiceImpl.updateStatus()] | returned: TimetableResponse(id=8, departureTime=2026-05-06T09:00, arrivalTime=2026-05-07T09:00, pathCode=KOL-HYD, status=PUBLISHED, trainId=6)
2026-04-17 13:30:25 [INFO ] [http-nio-8081-exec-2] com.example.aspect.AuditLogger - [AFTER] [TimetableServiceImpl.updateStatus()] | execution finished
2026-04-17 13:30:35 [INFO ] [http-nio-8081-exec-3] com.example.aspect.AuditLogger - [BEFORE] [TimetableServiceImpl.getAll()] | args: [PUBLISHED]
2026-04-17 13:30:35 [INFO ] [http-nio-8081-exec-3] com.example.aspect.AuditLogger - [SUCCESS] [TimetableServiceImpl.getAll()] | returned: [TimetableResponse(id=1, departureTime=2026-05-01T09:00, arrivalTime=2026-05-01T17:00, pathCode=CHN-MUM-001, status=PUBLISHED, trainId=1), TimetableResponse(id=2, departureTime=2026-05-02T08:00, arrivalTime=2026-05-02T20:00, pathCode=CHN-DEL-001, status=PUBLISHED, trainId=2), TimetableResponse(id=3, departureTime=2026-05-02T08:00, arrivalTime=2026-05-02T20:00, pathCode=CHN-DEL-001, status=PUBLISHED, trainId=2), TimetableResponse(id=5, departureTime=2026-05-01T18:30, arrivalTime=2026-05-01T20:30, pathCode=CHN-MUM-001, status=PUBLISHED, trainId=1), TimetableResponse(id=6, departureTime=2026-05-02T08:00, arrivalTime=2026-05-02T20:00, pathCode=KOL-HYD, status=PUBLISHED, trainId=5), TimetableResponse(id=7, departureTime=2026-05-03T08:00, arrivalTime=2026-05-03T20:00, pathCode=KOL-HYD, status=PUBLISHED, trainId=5), TimetableResponse(id=8, departureTime=2026-05-06T09:00, arrivalTime=2026-05-07T09:00, pathCode=KOL-HYD, status=PUBLISHED, trainId=6)]
2026-04-17 13:30:35 [INFO ] [http-nio-8081-exec-3] com.example.aspect.AuditLogger - [AFTER] [TimetableServiceImpl.getAll()] | execution finished
2026-04-17 13:31:14 [INFO ] [http-nio-8081-exec-10] com.example.aspect.AuditLogger - [BEFORE] [TimetableServiceImpl.update()] | args: [8, TimetableUpdateRequest(departureTime=2026-05-04T09:00, arrivalTime=2026-05-04T12:00, pathCode=KOL-HYD), admin@railflow.com]
2026-04-17 13:31:14 [ERROR] [http-nio-8081-exec-10] com.example.aspect.AuditLogger - [EXCEPTION] [TimetableServiceImpl.update()] | error: Cannot update timetable in status: PUBLISHED | type: IllegalStateException
2026-04-17 13:31:14 [INFO ] [http-nio-8081-exec-10] com.example.aspect.AuditLogger - [AFTER] [TimetableServiceImpl.update()] | execution finished
2026-04-17 13:33:21 [INFO ] [http-nio-8081-exec-7] com.example.aspect.AuditLogger - [BEFORE] [TimetableServiceImpl.create()] | args: [TimetableRequest(trainId=6, departureTime=2026-05-03T08:00, arrivalTime=2026-05-09T20:00, pathCode=KOL-HYD), admin@railflow.com]
2026-04-17 13:33:21 [INFO ] [http-nio-8081-exec-7] com.example.aspect.AuditLogger - [BEFORE] [PathConflictServiceImpl.detect()] | args: [com.example.model.Timetable@6e4057d2]
2026-04-17 13:33:21 [INFO ] [http-nio-8081-exec-7] com.example.aspect.AuditLogger - [BEFORE] [NotificationServiceImpl.create()] | args: [NotificationCreateRequest(userId=1, role=ADMIN, message=Path conflict detected on route 'KOL-HYD' between timetable #10 and published timetable #7, entityId=3, entityType=TIMETABLE, category=CONFLICT)]
2026-04-17 13:33:21 [INFO ] [http-nio-8081-exec-7] com.example.aspect.AuditLogger - [SUCCESS] [NotificationServiceImpl.create()] | returned: NotificationResponse(id=11, userId=1, role=ADMIN, message=Path conflict detected on route 'KOL-HYD' between timetable #10 and published timetable #7, entityId=3, entityType=TIMETABLE, category=CONFLICT, status=UNREAD, createdAt=2026-04-17T13:33:21.732478300)
2026-04-17 13:33:21 [INFO ] [http-nio-8081-exec-7] com.example.aspect.AuditLogger - [AFTER] [NotificationServiceImpl.create()] | execution finished
2026-04-17 13:33:21 [INFO ] [http-nio-8081-exec-7] com.example.aspect.AuditLogger - [BEFORE] [NotificationServiceImpl.create()] | args: [NotificationCreateRequest(userId=2, role=DISPATCHER, message=Path conflict detected on route 'KOL-HYD' between timetable #10 and published timetable #7, entityId=3, entityType=TIMETABLE, category=CONFLICT)]
2026-04-17 13:33:21 [INFO ] [http-nio-8081-exec-7] com.example.aspect.AuditLogger - [SUCCESS] [NotificationServiceImpl.create()] | returned: NotificationResponse(id=12, userId=2, role=DISPATCHER, message=Path conflict detected on route 'KOL-HYD' between timetable #10 and published timetable #7, entityId=3, entityType=TIMETABLE, category=CONFLICT, status=UNREAD, createdAt=2026-04-17T13:33:21.754121300)
2026-04-17 13:33:21 [INFO ] [http-nio-8081-exec-7] com.example.aspect.AuditLogger - [AFTER] [NotificationServiceImpl.create()] | execution finished
2026-04-17 13:33:21 [INFO ] [http-nio-8081-exec-7] com.example.aspect.AuditLogger - [BEFORE] [TaskServiceImpl.create()] | args: [TaskCreateRequest(assignedTo=2, description=Resolve path conflict #3 on route 'KOL-HYD'. Timetable #10 is ON_HOLD pending resolution., relatedEntityType=TIMETABLE, relatedEntityId=3, dueDate=2026-04-18T13:33:21.766651200)]
2026-04-17 13:33:21 [INFO ] [http-nio-8081-exec-7] com.example.aspect.AuditLogger - [SUCCESS] [TaskServiceImpl.create()] | returned: TaskResponse(id=3, assignedTo=2, description=Resolve path conflict #3 on route 'KOL-HYD'. Timetable #10 is ON_HOLD pending resolution., status=PENDING, relatedEntityId=3, relatedEntityType=TIMETABLE, dueDate=2026-04-18T13:33:21.766651200, createdAt=2026-04-17T13:33:21.768656200)
2026-04-17 13:33:21 [INFO ] [http-nio-8081-exec-7] com.example.aspect.AuditLogger - [AFTER] [TaskServiceImpl.create()] | execution finished
2026-04-17 13:33:21 [INFO ] [http-nio-8081-exec-7] com.example.aspect.AuditLogger - [BEFORE] [NotificationServiceImpl.create()] | args: [NotificationCreateRequest(userId=1, role=ADMIN, message=Path conflict detected on route 'KOL-HYD' between timetable #10 and published timetable #8, entityId=4, entityType=TIMETABLE, category=CONFLICT)]
2026-04-17 13:33:21 [INFO ] [http-nio-8081-exec-7] com.example.aspect.AuditLogger - [SUCCESS] [NotificationServiceImpl.create()] | returned: NotificationResponse(id=13, userId=1, role=ADMIN, message=Path conflict detected on route 'KOL-HYD' between timetable #10 and published timetable #8, entityId=4, entityType=TIMETABLE, category=CONFLICT, status=UNREAD, createdAt=2026-04-17T13:33:21.808162100)
2026-04-17 13:33:21 [INFO ] [http-nio-8081-exec-7] com.example.aspect.AuditLogger - [AFTER] [NotificationServiceImpl.create()] | execution finished
2026-04-17 13:33:21 [INFO ] [http-nio-8081-exec-7] com.example.aspect.AuditLogger - [BEFORE] [NotificationServiceImpl.create()] | args: [NotificationCreateRequest(userId=2, role=DISPATCHER, message=Path conflict detected on route 'KOL-HYD' between timetable #10 and published timetable #8, entityId=4, entityType=TIMETABLE, category=CONFLICT)]
2026-04-17 13:33:21 [INFO ] [http-nio-8081-exec-7] com.example.aspect.AuditLogger - [SUCCESS] [NotificationServiceImpl.create()] | returned: NotificationResponse(id=14, userId=2, role=DISPATCHER, message=Path conflict detected on route 'KOL-HYD' between timetable #10 and published timetable #8, entityId=4, entityType=TIMETABLE, category=CONFLICT, status=UNREAD, createdAt=2026-04-17T13:33:21.817159900)
2026-04-17 13:33:21 [INFO ] [http-nio-8081-exec-7] com.example.aspect.AuditLogger - [AFTER] [NotificationServiceImpl.create()] | execution finished
2026-04-17 13:33:21 [INFO ] [http-nio-8081-exec-7] com.example.aspect.AuditLogger - [BEFORE] [TaskServiceImpl.create()] | args: [TaskCreateRequest(assignedTo=2, description=Resolve path conflict #4 on route 'KOL-HYD'. Timetable #10 is ON_HOLD pending resolution., relatedEntityType=TIMETABLE, relatedEntityId=4, dueDate=2026-04-18T13:33:21.831512)]
2026-04-17 13:33:21 [INFO ] [http-nio-8081-exec-7] com.example.aspect.AuditLogger - [SUCCESS] [TaskServiceImpl.create()] | returned: TaskResponse(id=4, assignedTo=2, description=Resolve path conflict #4 on route 'KOL-HYD'. Timetable #10 is ON_HOLD pending resolution., status=PENDING, relatedEntityId=4, relatedEntityType=TIMETABLE, dueDate=2026-04-18T13:33:21.831512, createdAt=2026-04-17T13:33:21.832509600)
2026-04-17 13:33:21 [INFO ] [http-nio-8081-exec-7] com.example.aspect.AuditLogger - [AFTER] [TaskServiceImpl.create()] | execution finished
2026-04-17 13:33:21 [INFO ] [http-nio-8081-exec-7] com.example.aspect.AuditLogger - [SUCCESS] [PathConflictServiceImpl.detect()] | returned: null
2026-04-17 13:33:21 [INFO ] [http-nio-8081-exec-7] com.example.aspect.AuditLogger - [AFTER] [PathConflictServiceImpl.detect()] | execution finished
2026-04-17 13:33:21 [INFO ] [http-nio-8081-exec-7] com.example.aspect.AuditLogger - [SUCCESS] [TimetableServiceImpl.create()] | returned: TimetableResponse(id=10, departureTime=2026-05-03T08:00, arrivalTime=2026-05-09T20:00, pathCode=KOL-HYD, status=ON_HOLD, trainId=6)
2026-04-17 13:33:21 [INFO ] [http-nio-8081-exec-7] com.example.aspect.AuditLogger - [AFTER] [TimetableServiceImpl.create()] | execution finished
2026-04-17 13:33:32 [INFO ] [http-nio-8081-exec-4] com.example.aspect.AuditLogger - [BEFORE] [PathConflictServiceImpl.getAllUnresolved()] | args: []
2026-04-17 13:33:32 [INFO ] [http-nio-8081-exec-4] com.example.aspect.AuditLogger - [SUCCESS] [PathConflictServiceImpl.getAllUnresolved()] | returned: [PathConflictResponse(id=3, resolutionStatus=UNRESOLVED, resolutionNote=null, resolvedBy=null, resolvedAt=null, detectedAt=2026-04-17T13:33:21.708139, timetableId1=10, pathCode1=KOL-HYD, departureTime1=2026-05-03T08:00, timetableId2=7, pathCode2=KOL-HYD, departureTime2=2026-05-03T08:00), PathConflictResponse(id=4, resolutionStatus=UNRESOLVED, resolutionNote=null, resolvedBy=null, resolvedAt=null, detectedAt=2026-04-17T13:33:21.798111, timetableId1=10, pathCode1=KOL-HYD, departureTime1=2026-05-03T08:00, timetableId2=8, pathCode2=KOL-HYD, departureTime2=2026-05-06T09:00)]
2026-04-17 13:33:32 [INFO ] [http-nio-8081-exec-4] com.example.aspect.AuditLogger - [AFTER] [PathConflictServiceImpl.getAllUnresolved()] | execution finished
2026-04-17 13:34:12 [INFO ] [http-nio-8081-exec-5] com.example.aspect.AuditLogger - [BEFORE] [PathConflictServiceImpl.resolve()] | args: [3, ResolveConflictRequest(resolutionNote=Conflict was resolved by updating the timetable Id 11, newDepartureTime=2026-06-04T09:00, newArrivalTime=2026-06-05T09:00), admin@railflow.com]
2026-04-17 13:34:12 [INFO ] [http-nio-8081-exec-5] com.example.aspect.AuditLogger - [BEFORE] [NotificationServiceImpl.create()] | args: [NotificationCreateRequest(userId=1, role=ADMIN, message=All conflicts for timetable #10 on route 'KOL-HYD' resolved by admin@railflow.com. Timetable rescheduled to 2026-06-04T09:00 → 2026-06-05T09:00 and is now PUBLISHED., entityId=3, entityType=TIMETABLE, category=CONFLICT)]
2026-04-17 13:34:12 [INFO ] [http-nio-8081-exec-5] com.example.aspect.AuditLogger - [SUCCESS] [NotificationServiceImpl.create()] | returned: NotificationResponse(id=15, userId=1, role=ADMIN, message=All conflicts for timetable #10 on route 'KOL-HYD' resolved by admin@railflow.com. Timetable rescheduled to 2026-06-04T09:00 → 2026-06-05T09:00 and is now PUBLISHED., entityId=3, entityType=TIMETABLE, category=CONFLICT, status=UNREAD, createdAt=2026-04-17T13:34:12.514055500)
2026-04-17 13:34:12 [INFO ] [http-nio-8081-exec-5] com.example.aspect.AuditLogger - [AFTER] [NotificationServiceImpl.create()] | execution finished
2026-04-17 13:34:12 [INFO ] [http-nio-8081-exec-5] com.example.aspect.AuditLogger - [BEFORE] [NotificationServiceImpl.create()] | args: [NotificationCreateRequest(userId=2, role=DISPATCHER, message=All conflicts for timetable #10 on route 'KOL-HYD' resolved by admin@railflow.com. Timetable rescheduled to 2026-06-04T09:00 → 2026-06-05T09:00 and is now PUBLISHED., entityId=3, entityType=TIMETABLE, category=CONFLICT)]
2026-04-17 13:34:12 [INFO ] [http-nio-8081-exec-5] com.example.aspect.AuditLogger - [SUCCESS] [NotificationServiceImpl.create()] | returned: NotificationResponse(id=16, userId=2, role=DISPATCHER, message=All conflicts for timetable #10 on route 'KOL-HYD' resolved by admin@railflow.com. Timetable rescheduled to 2026-06-04T09:00 → 2026-06-05T09:00 and is now PUBLISHED., entityId=3, entityType=TIMETABLE, category=CONFLICT, status=UNREAD, createdAt=2026-04-17T13:34:12.522286800)
2026-04-17 13:34:12 [INFO ] [http-nio-8081-exec-5] com.example.aspect.AuditLogger - [AFTER] [NotificationServiceImpl.create()] | execution finished
2026-04-17 13:34:12 [INFO ] [http-nio-8081-exec-5] com.example.aspect.AuditLogger - [SUCCESS] [PathConflictServiceImpl.resolve()] | returned: PathConflictResponse(id=3, resolutionStatus=RESOLVED, resolutionNote=Conflict was resolved by updating the timetable Id 11, resolvedBy=admin@railflow.com, resolvedAt=2026-04-17T13:34:12.494926400, detectedAt=2026-04-17T13:33:21.708139, timetableId1=10, pathCode1=KOL-HYD, departureTime1=2026-06-04T09:00, timetableId2=7, pathCode2=KOL-HYD, departureTime2=2026-05-03T08:00)
2026-04-17 13:34:12 [INFO ] [http-nio-8081-exec-5] com.example.aspect.AuditLogger - [AFTER] [PathConflictServiceImpl.resolve()] | execution finished
2026-04-17 13:34:17 [INFO ] [http-nio-8081-exec-2] com.example.aspect.AuditLogger - [BEFORE] [PathConflictServiceImpl.getAllUnresolved()] | args: []
2026-04-17 13:34:17 [INFO ] [http-nio-8081-exec-2] com.example.aspect.AuditLogger - [SUCCESS] [PathConflictServiceImpl.getAllUnresolved()] | returned: []
2026-04-17 13:34:17 [INFO ] [http-nio-8081-exec-2] com.example.aspect.AuditLogger - [AFTER] [PathConflictServiceImpl.getAllUnresolved()] | execution finished
2026-04-17 13:35:08 [INFO ] [http-nio-8081-exec-3] com.example.aspect.AuditLogger - [BEFORE] [AuthServiceImpl.login()] | args: [LoginRequest(email=huzaif@railflow.com, password=dispatcher123)]
2026-04-17 13:35:08 [INFO ] [http-nio-8081-exec-3] com.example.aspect.AuditLogger - [SUCCESS] [AuthServiceImpl.login()] | returned: JwtResponse(token=eyJhbGciOiJIUzUxMiJ9.eyJzdWIiOiJodXphaWZAcmFpbGZsb3cuY29tIiwicm9sZSI6IkRJU1BBVENIRVIiLCJ1c2VySWQiOjIsImlhdCI6MTc3NjQxMzEwOCwiZXhwIjoxNzc2NDk5NTA4fQ.LAtQNjxHAbkhE4JTAoTuLpNqYlWW960ZKt71aACWIfOzG6ADjcPj8rq0fhffu1RIzwiCTomiMA_1g6lLYDTarg, role=DISPATCHER, email=huzaif@railflow.com, name=Ahamed Al Huzaif)
2026-04-17 13:35:08 [INFO ] [http-nio-8081-exec-3] com.example.aspect.AuditLogger - [AFTER] [AuthServiceImpl.login()] | execution finished
2026-04-17 13:35:31 [INFO ] [http-nio-8081-exec-10] com.example.aspect.AuditLogger - [BEFORE] [TimetableServiceImpl.getAllByPageAndSort()] | args: [0, 8, ArrivalTime]
2026-04-17 13:35:31 [INFO ] [http-nio-8081-exec-10] com.example.aspect.AuditLogger - [SUCCESS] [TimetableServiceImpl.getAllByPageAndSort()] | returned: PageResponse(data=[TimetableResponse(id=1, departureTime=2026-05-01T09:00, arrivalTime=2026-05-01T17:00, pathCode=CHN-MUM-001, status=PUBLISHED, trainId=1), TimetableResponse(id=5, departureTime=2026-05-01T18:30, arrivalTime=2026-05-01T20:30, pathCode=CHN-MUM-001, status=PUBLISHED, trainId=1), TimetableResponse(id=2, departureTime=2026-05-02T08:00, arrivalTime=2026-05-02T20:00, pathCode=CHN-DEL-001, status=PUBLISHED, trainId=2), TimetableResponse(id=3, departureTime=2026-05-02T08:00, arrivalTime=2026-05-02T20:00, pathCode=CHN-DEL-001, status=PUBLISHED, trainId=2), TimetableResponse(id=6, departureTime=2026-05-02T08:00, arrivalTime=2026-05-02T20:00, pathCode=KOL-HYD, status=PUBLISHED, trainId=5), TimetableResponse(id=7, departureTime=2026-05-03T08:00, arrivalTime=2026-05-03T20:00, pathCode=KOL-HYD, status=PUBLISHED, trainId=5), TimetableResponse(id=4, departureTime=2026-05-03T07:00, arrivalTime=2026-05-03T22:00, pathCode=MUM-KOL-001, status=DRAFT, trainId=3), TimetableResponse(id=9, departureTime=2026-05-05T09:00, arrivalTime=2026-05-06T18:00, pathCode=CHN-DEL, status=DRAFT, trainId=2)], totalPages=2, totalRecords=10)
2026-04-17 13:35:31 [INFO ] [http-nio-8081-exec-10] com.example.aspect.AuditLogger - [AFTER] [TimetableServiceImpl.getAllByPageAndSort()] | execution finished
2026-04-17 13:35:42 [INFO ] [http-nio-8081-exec-1] com.example.aspect.AuditLogger - [BEFORE] [TimetableServiceImpl.getAll()] | args: [PUBLISHED]
2026-04-17 13:35:42 [INFO ] [http-nio-8081-exec-1] com.example.aspect.AuditLogger - [SUCCESS] [TimetableServiceImpl.getAll()] | returned: [TimetableResponse(id=1, departureTime=2026-05-01T09:00, arrivalTime=2026-05-01T17:00, pathCode=CHN-MUM-001, status=PUBLISHED, trainId=1), TimetableResponse(id=2, departureTime=2026-05-02T08:00, arrivalTime=2026-05-02T20:00, pathCode=CHN-DEL-001, status=PUBLISHED, trainId=2), TimetableResponse(id=3, departureTime=2026-05-02T08:00, arrivalTime=2026-05-02T20:00, pathCode=CHN-DEL-001, status=PUBLISHED, trainId=2), TimetableResponse(id=5, departureTime=2026-05-01T18:30, arrivalTime=2026-05-01T20:30, pathCode=CHN-MUM-001, status=PUBLISHED, trainId=1), TimetableResponse(id=6, departureTime=2026-05-02T08:00, arrivalTime=2026-05-02T20:00, pathCode=KOL-HYD, status=PUBLISHED, trainId=5), TimetableResponse(id=7, departureTime=2026-05-03T08:00, arrivalTime=2026-05-03T20:00, pathCode=KOL-HYD, status=PUBLISHED, trainId=5), TimetableResponse(id=8, departureTime=2026-05-06T09:00, arrivalTime=2026-05-07T09:00, pathCode=KOL-HYD, status=PUBLISHED, trainId=6)]
2026-04-17 13:35:42 [INFO ] [http-nio-8081-exec-1] com.example.aspect.AuditLogger - [AFTER] [TimetableServiceImpl.getAll()] | execution finished
2026-04-17 13:36:34 [INFO ] [http-nio-8081-exec-8] com.example.aspect.AuditLogger - [BEFORE] [TimetableServiceImpl.updateStatus()] | args: [4, TimetableStatusRequest(status=PUBLISHED), admin@railflow.com]
2026-04-17 13:36:34 [INFO ] [http-nio-8081-exec-8] com.example.aspect.AuditLogger - [SUCCESS] [TimetableServiceImpl.updateStatus()] | returned: TimetableResponse(id=4, departureTime=2026-05-03T07:00, arrivalTime=2026-05-03T22:00, pathCode=MUM-KOL-001, status=PUBLISHED, trainId=3)
2026-04-17 13:36:34 [INFO ] [http-nio-8081-exec-8] com.example.aspect.AuditLogger - [AFTER] [TimetableServiceImpl.updateStatus()] | execution finished
2026-04-17 13:37:01 [INFO ] [http-nio-8081-exec-6] com.example.aspect.AuditLogger - [BEFORE] [TimetableServiceImpl.update()] | args: [4, TimetableUpdateRequest(departureTime=2026-05-04T09:00, arrivalTime=2026-05-04T12:00, pathCode=KOL-HYD), admin@railflow.com]
2026-04-17 13:37:01 [ERROR] [http-nio-8081-exec-6] com.example.aspect.AuditLogger - [EXCEPTION] [TimetableServiceImpl.update()] | error: Cannot update timetable in status: PUBLISHED | type: IllegalStateException
2026-04-17 13:37:01 [INFO ] [http-nio-8081-exec-6] com.example.aspect.AuditLogger - [AFTER] [TimetableServiceImpl.update()] | execution finished
2026-04-17 13:37:17 [INFO ] [http-nio-8081-exec-9] com.example.aspect.AuditLogger - [BEFORE] [TimetableServiceImpl.getAssets()] | args: [1]
2026-04-17 13:37:17 [INFO ] [http-nio-8081-exec-9] com.example.aspect.AuditLogger - [SUCCESS] [TimetableServiceImpl.getAssets()] | returned: TimetableAssetsResponse(timetableId=1, trainId=1, departureTime=2026-05-01T09:00, arrivalTime=2026-05-01T17:00, status=null, wagons=[WagonDTO(id=1, wagonNumber=WAG-TAN-001, type=TANKER)], locomotives=[LocomotiveDTO(id=1, locomotiveNumber=LOCO-001, model=WAP-7)])
2026-04-17 13:37:17 [INFO ] [http-nio-8081-exec-9] com.example.aspect.AuditLogger - [AFTER] [TimetableServiceImpl.getAssets()] | execution finished
2026-04-17 13:38:28 [INFO ] [http-nio-8081-exec-5] com.example.aspect.AuditLogger - [BEFORE] [TrainServiceImpl.register()] | args: [TrainRequest(number=TN107, operator=Southern Railways, origin=Chennai, destination=Madurai), admin@railflow.com]
2026-04-17 13:38:29 [INFO ] [http-nio-8081-exec-5] com.example.aspect.AuditLogger - [SUCCESS] [TrainServiceImpl.register()] | returned: TrainResponse(id=7, number=TN107, operator=Southern Railways, origin=Chennai, destination=Madurai, status=ACTIVE)
2026-04-17 13:38:29 [INFO ] [http-nio-8081-exec-5] com.example.aspect.AuditLogger - [AFTER] [TrainServiceImpl.register()] | execution finished
2026-04-17 14:12:39 [INFO ] [main] com.example.Application - Starting Application using Java 21.0.10 with PID 10284 (C:\Users\2485184\RAILFLOW\target\classes started by 2485184 in C:\Users\2485184\RAILFLOW)
2026-04-17 14:12:39 [INFO ] [main] com.example.Application - No active profile set, falling back to 1 default profile: "default"
2026-04-17 14:12:56 [INFO ] [main] com.example.Application - Started Application in 17.166 seconds (process running for 17.864)
2026-04-17 14:13:08 [INFO ] [http-nio-8081-exec-1] com.example.aspect.AuditLogger - [BEFORE] [TrainServiceImpl.getAll()] | args: [string]
2026-04-17 14:13:08 [ERROR] [http-nio-8081-exec-1] com.example.aspect.AuditLogger - [EXCEPTION] [TrainServiceImpl.getAll()] | error: No enum constant com.example.enums.TrainStatus.STRING | type: IllegalArgumentException
2026-04-17 14:13:08 [INFO ] [http-nio-8081-exec-1] com.example.aspect.AuditLogger - [AFTER] [TrainServiceImpl.getAll()] | execution finished
2026-04-17 14:13:21 [INFO ] [http-nio-8081-exec-5] com.example.aspect.AuditLogger - [BEFORE] [TrainServiceImpl.getAll()] | args: [null]
2026-04-17 14:13:21 [ERROR] [http-nio-8081-exec-5] com.example.aspect.AuditLogger - [EXCEPTION] [TrainServiceImpl.getAll()] | error: No enum constant com.example.enums.TrainStatus.NULL | type: IllegalArgumentException
2026-04-17 14:13:21 [INFO ] [http-nio-8081-exec-5] com.example.aspect.AuditLogger - [AFTER] [TrainServiceImpl.getAll()] | execution finished
2026-04-17 14:13:31 [INFO ] [http-nio-8081-exec-7] com.example.aspect.AuditLogger - [BEFORE] [TrainServiceImpl.getAll()] | args: [DRAFT]
2026-04-17 14:13:31 [ERROR] [http-nio-8081-exec-7] com.example.aspect.AuditLogger - [EXCEPTION] [TrainServiceImpl.getAll()] | error: No enum constant com.example.enums.TrainStatus.DRAFT | type: IllegalArgumentException
2026-04-17 14:13:31 [INFO ] [http-nio-8081-exec-7] com.example.aspect.AuditLogger - [AFTER] [TrainServiceImpl.getAll()] | execution finished
2026-04-17 14:13:56 [INFO ] [http-nio-8081-exec-9] com.example.aspect.AuditLogger - [BEFORE] [TrainServiceImpl.getAll()] | args: [ACTIVE]
2026-04-17 14:13:56 [INFO ] [http-nio-8081-exec-9] com.example.aspect.AuditLogger - [SUCCESS] [TrainServiceImpl.getAll()] | returned: [TrainResponse(id=1, number=TN101, operator=Southern Railway, origin=Chennai, destination=Mumbai, status=ACTIVE), TrainResponse(id=2, number=TN102, operator=Southern Railway, origin=Chennai, destination=Delhi, status=ACTIVE), TrainResponse(id=3, number=TN103, operator=Central Railway, origin=Mumbai, destination=Kolkata, status=ACTIVE), TrainResponse(id=4, number=TN104, operator=Northern Railway, origin=Delhi, destination=Bangalore, status=ACTIVE), TrainResponse(id=5, number=TN105, operator=Eastern Railway, origin=Kolkata, destination=Hyderabad, status=ACTIVE), TrainResponse(id=6, number=TN106, operator=Eastern Railways, origin=Kolkata, destination=Hyderabad, status=ACTIVE), TrainResponse(id=7, number=TN107, operator=Southern Railways, origin=Chennai, destination=Madurai, status=ACTIVE)]
2026-04-17 14:13:56 [INFO ] [http-nio-8081-exec-9] com.example.aspect.AuditLogger - [AFTER] [TrainServiceImpl.getAll()] | execution finished
2026-04-17 14:15:27 [INFO ] [http-nio-8081-exec-3] com.example.aspect.AuditLogger - [BEFORE] [TimetableServiceImpl.getAll()] | args: [PUBLISHED]
2026-04-17 14:15:27 [INFO ] [http-nio-8081-exec-3] com.example.aspect.AuditLogger - [SUCCESS] [TimetableServiceImpl.getAll()] | returned: [TimetableResponse(id=1, departureTime=2026-05-01T09:00, arrivalTime=2026-05-01T17:00, pathCode=CHN-MUM-001, status=PUBLISHED, trainId=1), TimetableResponse(id=2, departureTime=2026-05-02T08:00, arrivalTime=2026-05-02T20:00, pathCode=CHN-DEL-001, status=PUBLISHED, trainId=2), TimetableResponse(id=3, departureTime=2026-05-02T08:00, arrivalTime=2026-05-02T20:00, pathCode=CHN-DEL-001, status=PUBLISHED, trainId=2), TimetableResponse(id=4, departureTime=2026-05-03T07:00, arrivalTime=2026-05-03T22:00, pathCode=MUM-KOL-001, status=PUBLISHED, trainId=3), TimetableResponse(id=5, departureTime=2026-05-01T18:30, arrivalTime=2026-05-01T20:30, pathCode=CHN-MUM-001, status=PUBLISHED, trainId=1), TimetableResponse(id=6, departureTime=2026-05-02T08:00, arrivalTime=2026-05-02T20:00, pathCode=KOL-HYD, status=PUBLISHED, trainId=5), TimetableResponse(id=7, departureTime=2026-05-03T08:00, arrivalTime=2026-05-03T20:00, pathCode=KOL-HYD, status=PUBLISHED, trainId=5), TimetableResponse(id=8, departureTime=2026-05-06T09:00, arrivalTime=2026-05-07T09:00, pathCode=KOL-HYD, status=PUBLISHED, trainId=6)]
2026-04-17 14:15:27 [INFO ] [http-nio-8081-exec-3] com.example.aspect.AuditLogger - [AFTER] [TimetableServiceImpl.getAll()] | execution finished
2026-04-17 14:15:38 [INFO ] [http-nio-8081-exec-1] com.example.aspect.AuditLogger - [BEFORE] [TimetableServiceImpl.getAllByPageAndSort()] | args: [0, 8, ArrivalTime]
2026-04-17 14:15:38 [INFO ] [http-nio-8081-exec-1] com.example.aspect.AuditLogger - [SUCCESS] [TimetableServiceImpl.getAllByPageAndSort()] | returned: PageResponse(data=[TimetableResponse(id=1, departureTime=2026-05-01T09:00, arrivalTime=2026-05-01T17:00, pathCode=CHN-MUM-001, status=PUBLISHED, trainId=1), TimetableResponse(id=5, departureTime=2026-05-01T18:30, arrivalTime=2026-05-01T20:30, pathCode=CHN-MUM-001, status=PUBLISHED, trainId=1), TimetableResponse(id=2, departureTime=2026-05-02T08:00, arrivalTime=2026-05-02T20:00, pathCode=CHN-DEL-001, status=PUBLISHED, trainId=2), TimetableResponse(id=3, departureTime=2026-05-02T08:00, arrivalTime=2026-05-02T20:00, pathCode=CHN-DEL-001, status=PUBLISHED, trainId=2), TimetableResponse(id=6, departureTime=2026-05-02T08:00, arrivalTime=2026-05-02T20:00, pathCode=KOL-HYD, status=PUBLISHED, trainId=5), TimetableResponse(id=7, departureTime=2026-05-03T08:00, arrivalTime=2026-05-03T20:00, pathCode=KOL-HYD, status=PUBLISHED, trainId=5), TimetableResponse(id=4, departureTime=2026-05-03T07:00, arrivalTime=2026-05-03T22:00, pathCode=MUM-KOL-001, status=PUBLISHED, trainId=3), TimetableResponse(id=9, departureTime=2026-05-05T09:00, arrivalTime=2026-05-06T18:00, pathCode=CHN-DEL, status=DRAFT, trainId=2)], totalPages=2, totalRecords=10)
2026-04-17 14:15:38 [INFO ] [http-nio-8081-exec-1] com.example.aspect.AuditLogger - [AFTER] [TimetableServiceImpl.getAllByPageAndSort()] | execution finished
2026-04-17 14:16:29 [INFO ] [http-nio-8081-exec-4] com.example.aspect.AuditLogger - [BEFORE] [TimetableServiceImpl.getAssets()] | args: [1]
2026-04-17 14:16:29 [INFO ] [http-nio-8081-exec-4] com.example.aspect.AuditLogger - [SUCCESS] [TimetableServiceImpl.getAssets()] | returned: TimetableAssetsResponse(timetableId=1, trainId=1, departureTime=2026-05-01T09:00, arrivalTime=2026-05-01T17:00, status=null, wagons=[WagonDTO(id=1, wagonNumber=WAG-TAN-001, type=TANKER)], locomotives=[LocomotiveDTO(id=1, locomotiveNumber=LOCO-001, model=WAP-7)])
2026-04-17 14:16:29 [INFO ] [http-nio-8081-exec-4] com.example.aspect.AuditLogger - [AFTER] [TimetableServiceImpl.getAssets()] | execution finished
2026-04-17 14:18:39 [INFO ] [http-nio-8081-exec-7] com.example.aspect.AuditLogger - [BEFORE] [TimetableServiceImpl.updateStatus()] | args: [9, TimetableStatusRequest(status=PUBLISHED), admin@railflow.com]
2026-04-17 14:18:39 [INFO ] [http-nio-8081-exec-7] com.example.aspect.AuditLogger - [SUCCESS] [TimetableServiceImpl.updateStatus()] | returned: TimetableResponse(id=9, departureTime=2026-05-05T09:00, arrivalTime=2026-05-06T18:00, pathCode=CHN-DEL, status=PUBLISHED, trainId=2)
2026-04-17 14:18:39 [INFO ] [http-nio-8081-exec-7] com.example.aspect.AuditLogger - [AFTER] [TimetableServiceImpl.updateStatus()] | execution finished
2026-04-17 14:28:12 [INFO ] [http-nio-8081-exec-10] com.example.aspect.AuditLogger - [BEFORE] [TimetableServiceImpl.getAssets()] | args: [1]
2026-04-17 14:28:12 [INFO ] [http-nio-8081-exec-10] com.example.aspect.AuditLogger - [SUCCESS] [TimetableServiceImpl.getAssets()] | returned: TimetableAssetsResponse(timetableId=1, trainId=1, departureTime=2026-05-01T09:00, arrivalTime=2026-05-01T17:00, status=null, wagons=[WagonDTO(id=1, wagonNumber=WAG-TAN-001, type=TANKER)], locomotives=[LocomotiveDTO(id=1, locomotiveNumber=LOCO-001, model=WAP-7)])
2026-04-17 14:28:12 [INFO ] [http-nio-8081-exec-10] com.example.aspect.AuditLogger - [AFTER] [TimetableServiceImpl.getAssets()] | execution finished
2026-04-17 14:28:21 [INFO ] [http-nio-8081-exec-2] com.example.aspect.AuditLogger - [BEFORE] [TimetableServiceImpl.getAll()] | args: [PUBLISHED]
2026-04-17 14:28:21 [INFO ] [http-nio-8081-exec-2] com.example.aspect.AuditLogger - [SUCCESS] [TimetableServiceImpl.getAll()] | returned: [TimetableResponse(id=1, departureTime=2026-05-01T09:00, arrivalTime=2026-05-01T17:00, pathCode=CHN-MUM-001, status=PUBLISHED, trainId=1), TimetableResponse(id=2, departureTime=2026-05-02T08:00, arrivalTime=2026-05-02T20:00, pathCode=CHN-DEL-001, status=PUBLISHED, trainId=2), TimetableResponse(id=3, departureTime=2026-05-02T08:00, arrivalTime=2026-05-02T20:00, pathCode=CHN-DEL-001, status=PUBLISHED, trainId=2), TimetableResponse(id=4, departureTime=2026-05-03T07:00, arrivalTime=2026-05-03T22:00, pathCode=MUM-KOL-001, status=PUBLISHED, trainId=3), TimetableResponse(id=5, departureTime=2026-05-01T18:30, arrivalTime=2026-05-01T20:30, pathCode=CHN-MUM-001, status=PUBLISHED, trainId=1), TimetableResponse(id=6, departureTime=2026-05-02T08:00, arrivalTime=2026-05-02T20:00, pathCode=KOL-HYD, status=PUBLISHED, trainId=5), TimetableResponse(id=7, departureTime=2026-05-03T08:00, arrivalTime=2026-05-03T20:00, pathCode=KOL-HYD, status=PUBLISHED, trainId=5), TimetableResponse(id=8, departureTime=2026-05-06T09:00, arrivalTime=2026-05-07T09:00, pathCode=KOL-HYD, status=PUBLISHED, trainId=6), TimetableResponse(id=9, departureTime=2026-05-05T09:00, arrivalTime=2026-05-06T18:00, pathCode=CHN-DEL, status=PUBLISHED, trainId=2)]
2026-04-17 14:28:21 [INFO ] [http-nio-8081-exec-2] com.example.aspect.AuditLogger - [AFTER] [TimetableServiceImpl.getAll()] | execution finished
2026-04-17 14:28:27 [INFO ] [http-nio-8081-exec-3] com.example.aspect.AuditLogger - [BEFORE] [TimetableServiceImpl.getAllByPageAndSort()] | args: [0, 8, ArrivalTime]
2026-04-17 14:28:27 [INFO ] [http-nio-8081-exec-3] com.example.aspect.AuditLogger - [SUCCESS] [TimetableServiceImpl.getAllByPageAndSort()] | returned: PageResponse(data=[TimetableResponse(id=1, departureTime=2026-05-01T09:00, arrivalTime=2026-05-01T17:00, pathCode=CHN-MUM-001, status=PUBLISHED, trainId=1), TimetableResponse(id=5, departureTime=2026-05-01T18:30, arrivalTime=2026-05-01T20:30, pathCode=CHN-MUM-001, status=PUBLISHED, trainId=1), TimetableResponse(id=2, departureTime=2026-05-02T08:00, arrivalTime=2026-05-02T20:00, pathCode=CHN-DEL-001, status=PUBLISHED, trainId=2), TimetableResponse(id=3, departureTime=2026-05-02T08:00, arrivalTime=2026-05-02T20:00, pathCode=CHN-DEL-001, status=PUBLISHED, trainId=2), TimetableResponse(id=6, departureTime=2026-05-02T08:00, arrivalTime=2026-05-02T20:00, pathCode=KOL-HYD, status=PUBLISHED, trainId=5), TimetableResponse(id=7, departureTime=2026-05-03T08:00, arrivalTime=2026-05-03T20:00, pathCode=KOL-HYD, status=PUBLISHED, trainId=5), TimetableResponse(id=4, departureTime=2026-05-03T07:00, arrivalTime=2026-05-03T22:00, pathCode=MUM-KOL-001, status=PUBLISHED, trainId=3), TimetableResponse(id=9, departureTime=2026-05-05T09:00, arrivalTime=2026-05-06T18:00, pathCode=CHN-DEL, status=PUBLISHED, trainId=2)], totalPages=2, totalRecords=10)
2026-04-17 14:28:27 [INFO ] [http-nio-8081-exec-3] com.example.aspect.AuditLogger - [AFTER] [TimetableServiceImpl.getAllByPageAndSort()] | execution finished
2026-04-17 14:38:45 [INFO ] [http-nio-8081-exec-5] com.example.aspect.AuditLogger - [BEFORE] [TimetableServiceImpl.create()] | args: [TimetableRequest(trainId=7, departureTime=2026-05-03T08:00, arrivalTime=2026-05-09T20:00, pathCode=CHN-MDU-001), huzaif@railflow.com]
2026-04-17 14:38:45 [INFO ] [http-nio-8081-exec-5] com.example.aspect.AuditLogger - [BEFORE] [PathConflictServiceImpl.detect()] | args: [com.example.model.Timetable@66716eef]
2026-04-17 14:38:46 [INFO ] [http-nio-8081-exec-5] com.example.aspect.AuditLogger - [SUCCESS] [PathConflictServiceImpl.detect()] | returned: null
2026-04-17 14:38:46 [INFO ] [http-nio-8081-exec-5] com.example.aspect.AuditLogger - [AFTER] [PathConflictServiceImpl.detect()] | execution finished
2026-04-17 14:38:46 [INFO ] [http-nio-8081-exec-5] com.example.aspect.AuditLogger - [SUCCESS] [TimetableServiceImpl.create()] | returned: TimetableResponse(id=11, departureTime=2026-05-03T08:00, arrivalTime=2026-05-09T20:00, pathCode=CHN-MDU-001, status=DRAFT, trainId=7)
2026-04-17 14:38:46 [INFO ] [http-nio-8081-exec-5] com.example.aspect.AuditLogger - [AFTER] [TimetableServiceImpl.create()] | execution finished
2026-04-17 14:40:00 [INFO ] [http-nio-8081-exec-8] com.example.aspect.AuditLogger - [BEFORE] [TimetableServiceImpl.updateStatus()] | args: [11, TimetableStatusRequest(status=PUBLISHED), huzaif@railflow.com]
2026-04-17 14:40:00 [INFO ] [http-nio-8081-exec-8] com.example.aspect.AuditLogger - [SUCCESS] [TimetableServiceImpl.updateStatus()] | returned: TimetableResponse(id=11, departureTime=2026-05-03T08:00, arrivalTime=2026-05-09T20:00, pathCode=CHN-MDU-001, status=PUBLISHED, trainId=7)
2026-04-17 14:40:00 [INFO ] [http-nio-8081-exec-8] com.example.aspect.AuditLogger - [AFTER] [TimetableServiceImpl.updateStatus()] | execution finished
2026-04-17 14:40:10 [INFO ] [http-nio-8081-exec-9] com.example.aspect.AuditLogger - [BEFORE] [TimetableServiceImpl.create()] | args: [TimetableRequest(trainId=7, departureTime=2026-05-03T09:00, arrivalTime=2026-05-09T19:00, pathCode=CHN-MDU-001), huzaif@railflow.com]
2026-04-17 14:40:10 [INFO ] [http-nio-8081-exec-9] com.example.aspect.AuditLogger - [BEFORE] [PathConflictServiceImpl.detect()] | args: [com.example.model.Timetable@e081b4f]
2026-04-17 14:40:10 [INFO ] [http-nio-8081-exec-9] com.example.aspect.AuditLogger - [BEFORE] [NotificationServiceImpl.create()] | args: [NotificationCreateRequest(userId=1, role=ADMIN, message=Path conflict detected on route 'CHN-MDU-001' between timetable #12 and published timetable #11, entityId=5, entityType=TIMETABLE, category=CONFLICT)]
2026-04-17 14:40:10 [INFO ] [http-nio-8081-exec-9] com.example.aspect.AuditLogger - [SUCCESS] [NotificationServiceImpl.create()] | returned: NotificationResponse(id=17, userId=1, role=ADMIN, message=Path conflict detected on route 'CHN-MDU-001' between timetable #12 and published timetable #11, entityId=5, entityType=TIMETABLE, category=CONFLICT, status=UNREAD, createdAt=2026-04-17T14:40:10.535624600)
2026-04-17 14:40:10 [INFO ] [http-nio-8081-exec-9] com.example.aspect.AuditLogger - [AFTER] [NotificationServiceImpl.create()] | execution finished
2026-04-17 14:40:10 [INFO ] [http-nio-8081-exec-9] com.example.aspect.AuditLogger - [BEFORE] [NotificationServiceImpl.create()] | args: [NotificationCreateRequest(userId=2, role=DISPATCHER, message=Path conflict detected on route 'CHN-MDU-001' between timetable #12 and published timetable #11, entityId=5, entityType=TIMETABLE, category=CONFLICT)]
2026-04-17 14:40:10 [INFO ] [http-nio-8081-exec-9] com.example.aspect.AuditLogger - [SUCCESS] [NotificationServiceImpl.create()] | returned: NotificationResponse(id=18, userId=2, role=DISPATCHER, message=Path conflict detected on route 'CHN-MDU-001' between timetable #12 and published timetable #11, entityId=5, entityType=TIMETABLE, category=CONFLICT, status=UNREAD, createdAt=2026-04-17T14:40:10.560556200)
2026-04-17 14:40:10 [INFO ] [http-nio-8081-exec-9] com.example.aspect.AuditLogger - [AFTER] [NotificationServiceImpl.create()] | execution finished
2026-04-17 14:40:10 [INFO ] [http-nio-8081-exec-9] com.example.aspect.AuditLogger - [BEFORE] [TaskServiceImpl.create()] | args: [TaskCreateRequest(assignedTo=2, description=Resolve path conflict #5 on route 'CHN-MDU-001'. Timetable #12 is ON_HOLD pending resolution., relatedEntityType=TIMETABLE, relatedEntityId=5, dueDate=2026-04-18T14:40:10.589430600)]
2026-04-17 14:40:10 [INFO ] [http-nio-8081-exec-9] com.example.aspect.AuditLogger - [SUCCESS] [TaskServiceImpl.create()] | returned: TaskResponse(id=5, assignedTo=2, description=Resolve path conflict #5 on route 'CHN-MDU-001'. Timetable #12 is ON_HOLD pending resolution., status=PENDING, relatedEntityId=5, relatedEntityType=TIMETABLE, dueDate=2026-04-18T14:40:10.589430600, createdAt=2026-04-17T14:40:10.591446)
2026-04-17 14:40:10 [INFO ] [http-nio-8081-exec-9] com.example.aspect.AuditLogger - [AFTER] [TaskServiceImpl.create()] | execution finished
2026-04-17 14:40:10 [INFO ] [http-nio-8081-exec-9] com.example.aspect.AuditLogger - [SUCCESS] [PathConflictServiceImpl.detect()] | returned: null
2026-04-17 14:40:10 [INFO ] [http-nio-8081-exec-9] com.example.aspect.AuditLogger - [AFTER] [PathConflictServiceImpl.detect()] | execution finished
2026-04-17 14:40:10 [INFO ] [http-nio-8081-exec-9] com.example.aspect.AuditLogger - [SUCCESS] [TimetableServiceImpl.create()] | returned: TimetableResponse(id=12, departureTime=2026-05-03T09:00, arrivalTime=2026-05-09T19:00, pathCode=CHN-MDU-001, status=ON_HOLD, trainId=7)
2026-04-17 14:40:10 [INFO ] [http-nio-8081-exec-9] com.example.aspect.AuditLogger - [AFTER] [TimetableServiceImpl.create()] | execution finished
2026-04-17 14:40:25 [INFO ] [http-nio-8081-exec-10] com.example.aspect.AuditLogger - [BEFORE] [PathConflictServiceImpl.getAllUnresolved()] | args: []
2026-04-17 14:40:25 [INFO ] [http-nio-8081-exec-10] com.example.aspect.AuditLogger - [SUCCESS] [PathConflictServiceImpl.getAllUnresolved()] | returned: [PathConflictResponse(id=5, resolutionStatus=UNRESOLVED, resolutionNote=null, resolvedBy=null, resolvedAt=null, detectedAt=2026-04-17T14:40:10.504420, timetableId1=12, pathCode1=CHN-MDU-001, departureTime1=2026-05-03T09:00, timetableId2=11, pathCode2=CHN-MDU-001, departureTime2=2026-05-03T08:00)]
2026-04-17 14:40:25 [INFO ] [http-nio-8081-exec-10] com.example.aspect.AuditLogger - [AFTER] [PathConflictServiceImpl.getAllUnresolved()] | execution finished
2026-04-17 14:41:01 [INFO ] [http-nio-8081-exec-2] com.example.aspect.AuditLogger - [BEFORE] [PathConflictServiceImpl.resolve()] | args: [4, ResolveConflictRequest(resolutionNote=Conflict was resolved by updating the timetable Id 11, newDepartureTime=2026-06-09T09:00, newArrivalTime=2026-06-08T09:00), admin@railflow.com]
2026-04-17 14:41:01 [ERROR] [http-nio-8081-exec-2] com.example.aspect.AuditLogger - [EXCEPTION] [PathConflictServiceImpl.resolve()] | error: Conflict 4 is already resolved | type: IllegalStateException
2026-04-17 14:41:01 [INFO ] [http-nio-8081-exec-2] com.example.aspect.AuditLogger - [AFTER] [PathConflictServiceImpl.resolve()] | execution finished
2026-04-17 14:41:08 [INFO ] [http-nio-8081-exec-3] com.example.aspect.AuditLogger - [BEFORE] [PathConflictServiceImpl.resolve()] | args: [5, ResolveConflictRequest(resolutionNote=Conflict was resolved by updating the timetable Id 11, newDepartureTime=2026-06-09T09:00, newArrivalTime=2026-06-08T09:00), admin@railflow.com]
2026-04-17 14:41:08 [ERROR] [http-nio-8081-exec-3] com.example.aspect.AuditLogger - [EXCEPTION] [PathConflictServiceImpl.resolve()] | error: Departure time 2026-06-09T09:00 must be before arrival time 2026-06-08T09:00 | type: InvalidTimeRangeException
2026-04-17 14:41:08 [INFO ] [http-nio-8081-exec-3] com.example.aspect.AuditLogger - [AFTER] [PathConflictServiceImpl.resolve()] | execution finished
2026-04-17 14:41:33 [INFO ] [http-nio-8081-exec-4] com.example.aspect.AuditLogger - [BEFORE] [TimetableServiceImpl.getAll()] | args: [ON_HOLD]
2026-04-17 14:41:33 [INFO ] [http-nio-8081-exec-4] com.example.aspect.AuditLogger - [SUCCESS] [TimetableServiceImpl.getAll()] | returned: [TimetableResponse(id=12, departureTime=2026-05-03T09:00, arrivalTime=2026-05-09T19:00, pathCode=CHN-MDU-001, status=ON_HOLD, trainId=7)]
2026-04-17 14:41:33 [INFO ] [http-nio-8081-exec-4] com.example.aspect.AuditLogger - [AFTER] [TimetableServiceImpl.getAll()] | execution finished
2026-04-17 14:42:00 [INFO ] [http-nio-8081-exec-5] com.example.aspect.AuditLogger - [BEFORE] [PathConflictServiceImpl.resolve()] | args: [5, ResolveConflictRequest(resolutionNote=Conflict was resolved by updating the timetable Id 11, newDepartureTime=2026-06-08T09:00, newArrivalTime=2026-06-09T09:00), admin@railflow.com]
2026-04-17 14:42:00 [INFO ] [http-nio-8081-exec-5] com.example.aspect.AuditLogger - [BEFORE] [NotificationServiceImpl.create()] | args: [NotificationCreateRequest(userId=1, role=ADMIN, message=All conflicts for timetable #12 on route 'CHN-MDU-001' resolved by admin@railflow.com. Timetable rescheduled to 2026-06-08T09:00 → 2026-06-09T09:00 and is now PUBLISHED., entityId=5, entityType=TIMETABLE, category=CONFLICT)]
2026-04-17 14:42:00 [INFO ] [http-nio-8081-exec-5] com.example.aspect.AuditLogger - [SUCCESS] [NotificationServiceImpl.create()] | returned: NotificationResponse(id=19, userId=1, role=ADMIN, message=All conflicts for timetable #12 on route 'CHN-MDU-001' resolved by admin@railflow.com. Timetable rescheduled to 2026-06-08T09:00 → 2026-06-09T09:00 and is now PUBLISHED., entityId=5, entityType=TIMETABLE, category=CONFLICT, status=UNREAD, createdAt=2026-04-17T14:42:00.887266800)
2026-04-17 14:42:00 [INFO ] [http-nio-8081-exec-5] com.example.aspect.AuditLogger - [AFTER] [NotificationServiceImpl.create()] | execution finished
2026-04-17 14:42:00 [INFO ] [http-nio-8081-exec-5] com.example.aspect.AuditLogger - [BEFORE] [NotificationServiceImpl.create()] | args: [NotificationCreateRequest(userId=2, role=DISPATCHER, message=All conflicts for timetable #12 on route 'CHN-MDU-001' resolved by admin@railflow.com. Timetable rescheduled to 2026-06-08T09:00 → 2026-06-09T09:00 and is now PUBLISHED., entityId=5, entityType=TIMETABLE, category=CONFLICT)]
2026-04-17 14:42:00 [INFO ] [http-nio-8081-exec-5] com.example.aspect.AuditLogger - [SUCCESS] [NotificationServiceImpl.create()] | returned: NotificationResponse(id=20, userId=2, role=DISPATCHER, message=All conflicts for timetable #12 on route 'CHN-MDU-001' resolved by admin@railflow.com. Timetable rescheduled to 2026-06-08T09:00 → 2026-06-09T09:00 and is now PUBLISHED., entityId=5, entityType=TIMETABLE, category=CONFLICT, status=UNREAD, createdAt=2026-04-17T14:42:00.899225800)
2026-04-17 14:42:00 [INFO ] [http-nio-8081-exec-5] com.example.aspect.AuditLogger - [AFTER] [NotificationServiceImpl.create()] | execution finished
2026-04-17 14:42:00 [INFO ] [http-nio-8081-exec-5] com.example.aspect.AuditLogger - [SUCCESS] [PathConflictServiceImpl.resolve()] | returned: PathConflictResponse(id=5, resolutionStatus=RESOLVED, resolutionNote=Conflict was resolved by updating the timetable Id 11, resolvedBy=admin@railflow.com, resolvedAt=2026-04-17T14:42:00.864744, detectedAt=2026-04-17T14:40:10.504420, timetableId1=12, pathCode1=CHN-MDU-001, departureTime1=2026-06-08T09:00, timetableId2=11, pathCode2=CHN-MDU-001, departureTime2=2026-05-03T08:00)
2026-04-17 14:42:00 [INFO ] [http-nio-8081-exec-5] com.example.aspect.AuditLogger - [AFTER] [PathConflictServiceImpl.resolve()] | execution finished
2026-04-17 14:42:22 [INFO ] [http-nio-8081-exec-6] com.example.aspect.AuditLogger - [BEFORE] [TimetableServiceImpl.getAll()] | args: [DRAFT]
2026-04-17 14:42:22 [INFO ] [http-nio-8081-exec-6] com.example.aspect.AuditLogger - [SUCCESS] [TimetableServiceImpl.getAll()] | returned: [TimetableResponse(id=10, departureTime=2026-06-04T09:00, arrivalTime=2026-06-05T09:00, pathCode=KOL-HYD, status=DRAFT, trainId=6), TimetableResponse(id=12, departureTime=2026-06-08T09:00, arrivalTime=2026-06-09T09:00, pathCode=CHN-MDU-001, status=DRAFT, trainId=7)]
2026-04-17 14:42:22 [INFO ] [http-nio-8081-exec-6] com.example.aspect.AuditLogger - [AFTER] [TimetableServiceImpl.getAll()] | execution finished
2026-04-17 14:42:55 [INFO ] [http-nio-8081-exec-7] com.example.aspect.AuditLogger - [BEFORE] [TimetableServiceImpl.getAllByPageAndSort()] | args: [0, 10, DepartureTime]
2026-04-17 14:42:55 [INFO ] [http-nio-8081-exec-7] com.example.aspect.AuditLogger - [SUCCESS] [TimetableServiceImpl.getAllByPageAndSort()] | returned: PageResponse(data=[TimetableResponse(id=1, departureTime=2026-05-01T09:00, arrivalTime=2026-05-01T17:00, pathCode=CHN-MUM-001, status=PUBLISHED, trainId=1), TimetableResponse(id=5, departureTime=2026-05-01T18:30, arrivalTime=2026-05-01T20:30, pathCode=CHN-MUM-001, status=PUBLISHED, trainId=1), TimetableResponse(id=2, departureTime=2026-05-02T08:00, arrivalTime=2026-05-02T20:00, pathCode=CHN-DEL-001, status=PUBLISHED, trainId=2), TimetableResponse(id=3, departureTime=2026-05-02T08:00, arrivalTime=2026-05-02T20:00, pathCode=CHN-DEL-001, status=PUBLISHED, trainId=2), TimetableResponse(id=6, departureTime=2026-05-02T08:00, arrivalTime=2026-05-02T20:00, pathCode=KOL-HYD, status=PUBLISHED, trainId=5), TimetableResponse(id=4, departureTime=2026-05-03T07:00, arrivalTime=2026-05-03T22:00, pathCode=MUM-KOL-001, status=PUBLISHED, trainId=3), TimetableResponse(id=7, departureTime=2026-05-03T08:00, arrivalTime=2026-05-03T20:00, pathCode=KOL-HYD, status=PUBLISHED, trainId=5), TimetableResponse(id=11, departureTime=2026-05-03T08:00, arrivalTime=2026-05-09T20:00, pathCode=CHN-MDU-001, status=PUBLISHED, trainId=7), TimetableResponse(id=9, departureTime=2026-05-05T09:00, arrivalTime=2026-05-06T18:00, pathCode=CHN-DEL, status=PUBLISHED, trainId=2), TimetableResponse(id=8, departureTime=2026-05-06T09:00, arrivalTime=2026-05-07T09:00, pathCode=KOL-HYD, status=PUBLISHED, trainId=6)], totalPages=2, totalRecords=12)
2026-04-17 14:42:55 [INFO ] [http-nio-8081-exec-7] com.example.aspect.AuditLogger - [AFTER] [TimetableServiceImpl.getAllByPageAndSort()] | execution finished
2026-04-17 14:43:15 [INFO ] [http-nio-8081-exec-8] com.example.aspect.AuditLogger - [BEFORE] [TimetableServiceImpl.getAllByPageAndSort()] | args: [2, 5, DepartureTime]
2026-04-17 14:43:15 [INFO ] [http-nio-8081-exec-8] com.example.aspect.AuditLogger - [SUCCESS] [TimetableServiceImpl.getAllByPageAndSort()] | returned: PageResponse(data=[TimetableResponse(id=10, departureTime=2026-06-04T09:00, arrivalTime=2026-06-05T09:00, pathCode=KOL-HYD, status=DRAFT, trainId=6), TimetableResponse(id=12, departureTime=2026-06-08T09:00, arrivalTime=2026-06-09T09:00, pathCode=CHN-MDU-001, status=DRAFT, trainId=7)], totalPages=3, totalRecords=12)
2026-04-17 14:43:15 [INFO ] [http-nio-8081-exec-8] com.example.aspect.AuditLogger - [AFTER] [TimetableServiceImpl.getAllByPageAndSort()] | execution finished
2026-04-17 14:43:35 [INFO ] [http-nio-8081-exec-9] com.example.aspect.AuditLogger - [BEFORE] [TimetableServiceImpl.getAssets()] | args: [1]
2026-04-17 14:43:35 [INFO ] [http-nio-8081-exec-9] com.example.aspect.AuditLogger - [SUCCESS] [TimetableServiceImpl.getAssets()] | returned: TimetableAssetsResponse(timetableId=1, trainId=1, departureTime=2026-05-01T09:00, arrivalTime=2026-05-01T17:00, status=null, wagons=[WagonDTO(id=1, wagonNumber=WAG-TAN-001, type=TANKER)], locomotives=[LocomotiveDTO(id=1, locomotiveNumber=LOCO-001, model=WAP-7)])
2026-04-17 14:43:35 [INFO ] [http-nio-8081-exec-9] com.example.aspect.AuditLogger - [AFTER] [TimetableServiceImpl.getAssets()] | execution finished
