2026-04-16 09:15:01 [INFO ] [main] com.example.Application - Starting Application using Java 21.0.10 with PID 19276 (C:\Users\2485184\RAILFLOW\target\classes started by 2485184 in C:\Users\2485184\RAILFLOW)
2026-04-16 09:15:01 [INFO ] [main] com.example.Application - No active profile set, falling back to 1 default profile: "default"
2026-04-16 09:15:10 [INFO ] [main] com.example.Application - Starting Application using Java 21.0.10 with PID 32124 (C:\Users\2485184\RAILFLOW\target\classes started by 2485184 in C:\Users\2485184\RAILFLOW)
2026-04-16 09:15:10 [INFO ] [main] com.example.Application - No active profile set, falling back to 1 default profile: "default"
2026-04-16 09:15:11 [INFO ] [main] com.example.Application - Starting Application using Java 21.0.10 with PID 7716 (C:\Users\2485184\RAILFLOW\target\classes started by 2485184 in C:\Users\2485184\RAILFLOW)
2026-04-16 09:15:11 [INFO ] [main] com.example.Application - No active profile set, falling back to 1 default profile: "default"
2026-04-16 09:15:41 [INFO ] [main] com.example.Application - Started Application in 42.496 seconds (process running for 44.336)
2026-04-16 09:17:12 [INFO ] [http-nio-8081-exec-3] com.example.aspect.AuditLogger - [BEFORE] [AuthServiceImpl.login()] | args: [LoginRequest(email=admin@railflow.com, password=admin123)]
2026-04-16 09:17:12 [INFO ] [http-nio-8081-exec-3] com.example.aspect.AuditLogger - [SUCCESS] [AuthServiceImpl.login()] | returned: JwtResponse(token=eyJhbGciOiJIUzUxMiJ9.eyJzdWIiOiJhZG1pbkByYWlsZmxvdy5jb20iLCJyb2xlIjoiQURNSU4iLCJ1c2VySWQiOjEsImlhdCI6MTc3NjMxMTIzMiwiZXhwIjoxNzc2Mzk3NjMyfQ.CsTm5Ep6Yx5anWy2liqiydgt3rG6pSqV6zuQO_5BrS0GP2H1-FvlBeyQb7Sn_a_E_cSmmsxWl7zMtX_rEFvyMg, role=ADMIN, email=admin@railflow.com, name=Super Admin)
2026-04-16 09:17:12 [INFO ] [http-nio-8081-exec-3] com.example.aspect.AuditLogger - [AFTER] [AuthServiceImpl.login()] | execution finished
2026-04-16 09:17:37 [INFO ] [http-nio-8081-exec-8] com.example.aspect.AuditLogger - [BEFORE] [TimetableServiceImpl.getAll()] | args: [null]
2026-04-16 09:17:37 [INFO ] [http-nio-8081-exec-8] com.example.aspect.AuditLogger - [SUCCESS] [TimetableServiceImpl.getAll()] | returned: [TimetableResponse(id=1, departureTime=2026-05-01T09:00, arrivalTime=2026-05-01T17:00, pathCode=CHN-MUM-001, status=PUBLISHED, trainId=1), TimetableResponse(id=2, departureTime=2026-05-02T08:00, arrivalTime=2026-05-02T20:00, pathCode=CHN-DEL-001, status=DRAFT, trainId=2), TimetableResponse(id=3, departureTime=2026-05-02T08:00, arrivalTime=2026-05-02T20:00, pathCode=CHN-DEL-001, status=DRAFT, trainId=2), TimetableResponse(id=4, departureTime=2026-05-03T07:00, arrivalTime=2026-05-03T22:00, pathCode=MUM-KOL-001, status=DRAFT, trainId=3), TimetableResponse(id=5, departureTime=2026-05-01T18:30, arrivalTime=2026-05-01T20:30, pathCode=CHN-MUM-001, status=PUBLISHED, trainId=1)]
2026-04-16 09:17:37 [INFO ] [http-nio-8081-exec-8] com.example.aspect.AuditLogger - [AFTER] [TimetableServiceImpl.getAll()] | execution finished
2026-04-16 09:17:44 [INFO ] [http-nio-8081-exec-9] com.example.aspect.AuditLogger - [BEFORE] [TimetableServiceImpl.getAssets()] | args: [1]
2026-04-16 09:17:44 [INFO ] [http-nio-8081-exec-9] com.example.aspect.AuditLogger - [SUCCESS] [TimetableServiceImpl.getAssets()] | returned: TimetableAssetsResponse(timetableId=1, trainId=1, departureTime=2026-05-01T09:00, arrivalTime=2026-05-01T17:00, status=null, wagons=[Wagon{id=1, serialNumber='WAG-TAN-001', type=TANKER, status=AVAILABLE}], locomotives=[Locomotive{id=1, serialNumber='LOCO-001', model='WAP-7', status=AVAILABLE}])
2026-04-16 09:17:44 [INFO ] [http-nio-8081-exec-9] com.example.aspect.AuditLogger - [AFTER] [TimetableServiceImpl.getAssets()] | execution finished
2026-04-16 09:28:14 [INFO ] [main] com.example.Application - Starting Application using Java 21.0.10 with PID 19212 (C:\Users\2485184\RAILFLOW\target\classes started by 2485184 in C:\Users\2485184\RAILFLOW)
2026-04-16 09:28:14 [INFO ] [main] com.example.Application - No active profile set, falling back to 1 default profile: "default"
2026-04-16 09:28:39 [INFO ] [main] com.example.Application - Started Application in 25.662 seconds (process running for 26.709)
2026-04-16 09:31:39 [INFO ] [http-nio-8081-exec-4] com.example.aspect.AuditLogger - [BEFORE] [AuthServiceImpl.login()] | args: [LoginRequest(email=admin@railflow.com, password=admin123)]
2026-04-16 09:31:39 [INFO ] [http-nio-8081-exec-4] com.example.aspect.AuditLogger - [SUCCESS] [AuthServiceImpl.login()] | returned: JwtResponse(token=eyJhbGciOiJIUzUxMiJ9.eyJzdWIiOiJhZG1pbkByYWlsZmxvdy5jb20iLCJyb2xlIjoiQURNSU4iLCJ1c2VySWQiOjEsImlhdCI6MTc3NjMxMjA5OSwiZXhwIjoxNzc2Mzk4NDk5fQ.hCWfAmdEpNvJ6BxIVydwB0N8X3sBGrojHqOrlFL5SPA9NhzEVMtzz26qI-6kRwtEeDmHahkBcPepuffQ6oyTcw, role=ADMIN, email=admin@railflow.com, name=Super Admin)
2026-04-16 09:31:39 [INFO ] [http-nio-8081-exec-4] com.example.aspect.AuditLogger - [AFTER] [AuthServiceImpl.login()] | execution finished
2026-04-16 09:32:00 [INFO ] [http-nio-8081-exec-6] com.example.aspect.AuditLogger - [BEFORE] [TimetableServiceImpl.getAll()] | args: [null]
2026-04-16 09:32:00 [INFO ] [http-nio-8081-exec-6] com.example.aspect.AuditLogger - [SUCCESS] [TimetableServiceImpl.getAll()] | returned: [TimetableResponse(id=1, departureTime=2026-05-01T09:00, arrivalTime=2026-05-01T17:00, pathCode=CHN-MUM-001, status=PUBLISHED, trainId=1), TimetableResponse(id=2, departureTime=2026-05-02T08:00, arrivalTime=2026-05-02T20:00, pathCode=CHN-DEL-001, status=DRAFT, trainId=2), TimetableResponse(id=3, departureTime=2026-05-02T08:00, arrivalTime=2026-05-02T20:00, pathCode=CHN-DEL-001, status=DRAFT, trainId=2), TimetableResponse(id=4, departureTime=2026-05-03T07:00, arrivalTime=2026-05-03T22:00, pathCode=MUM-KOL-001, status=DRAFT, trainId=3), TimetableResponse(id=5, departureTime=2026-05-01T18:30, arrivalTime=2026-05-01T20:30, pathCode=CHN-MUM-001, status=PUBLISHED, trainId=1)]
2026-04-16 09:32:00 [INFO ] [http-nio-8081-exec-6] com.example.aspect.AuditLogger - [AFTER] [TimetableServiceImpl.getAll()] | execution finished
2026-04-16 09:32:12 [INFO ] [http-nio-8081-exec-8] com.example.aspect.AuditLogger - [BEFORE] [TimetableServiceImpl.getAssets()] | args: [1]
2026-04-16 09:32:12 [INFO ] [http-nio-8081-exec-8] com.example.aspect.AuditLogger - [SUCCESS] [TimetableServiceImpl.getAssets()] | returned: TimetableAssetsResponse(timetableId=1, trainId=1, departureTime=2026-05-01T09:00, arrivalTime=2026-05-01T17:00, status=null, wagons=[WagonDTO(id=1, wagonNumber=WAG-TAN-001, type=TANKER)], locomotives=[LocomotiveDTO(id=1, locomotiveNumber=LOCO-001, model=WAP-7)])
2026-04-16 09:32:12 [INFO ] [http-nio-8081-exec-8] com.example.aspect.AuditLogger - [AFTER] [TimetableServiceImpl.getAssets()] | execution finished
2026-04-16 15:36:59 [INFO ] [main] com.example.Application - Starting Application using Java 21.0.10 with PID 29316 (C:\Users\2485184\RAILFLOW\target\classes started by 2485184 in C:\Users\2485184\RAILFLOW)
2026-04-16 15:36:59 [INFO ] [main] com.example.Application - No active profile set, falling back to 1 default profile: "default"
2026-04-16 15:37:16 [INFO ] [main] com.example.Application - Started Application in 17.527 seconds (process running for 18.356)
2026-04-16 16:06:19 [INFO ] [http-nio-8081-exec-8] com.example.aspect.AuditLogger - [BEFORE] [AuthServiceImpl.login()] | args: [LoginRequest(email=admin@railflow.com, password=admin123)]
2026-04-16 16:06:20 [INFO ] [http-nio-8081-exec-8] com.example.aspect.AuditLogger - [SUCCESS] [AuthServiceImpl.login()] | returned: JwtResponse(token=eyJhbGciOiJIUzUxMiJ9.eyJzdWIiOiJhZG1pbkByYWlsZmxvdy5jb20iLCJyb2xlIjoiQURNSU4iLCJ1c2VySWQiOjEsImlhdCI6MTc3NjMzNTc3OSwiZXhwIjoxNzc2NDIyMTc5fQ.Q0P7CHSlCgTDsI-XMD-Qjjvi5ojWN-k4zXRnLvOt96F-jXP5Svvg1ikVPLo3HqSaftzK57Hd2QleViFOeytxIw, role=ADMIN, email=admin@railflow.com, name=Super Admin)
2026-04-16 16:06:20 [INFO ] [http-nio-8081-exec-8] com.example.aspect.AuditLogger - [AFTER] [AuthServiceImpl.login()] | execution finished
2026-04-16 16:07:20 [INFO ] [http-nio-8081-exec-7] com.example.aspect.AuditLogger - [BEFORE] [YardServiceImpl.getAll()] | args: []
2026-04-16 16:07:20 [INFO ] [http-nio-8081-exec-7] com.example.aspect.AuditLogger - [SUCCESS] [YardServiceImpl.getAll()] | returned: []
2026-04-16 16:07:20 [INFO ] [http-nio-8081-exec-7] com.example.aspect.AuditLogger - [AFTER] [YardServiceImpl.getAll()] | execution finished
2026-04-16 16:08:29 [INFO ] [http-nio-8081-exec-1] com.example.aspect.AuditLogger - [BEFORE] [YardServiceImpl.create()] | args: [YardRequest(name=Chennai Central Yard, location=Chennai, totalSlots=10), admin@railflow.com]
2026-04-16 16:08:29 [INFO ] [http-nio-8081-exec-1] com.example.aspect.AuditLogger - [SUCCESS] [YardServiceImpl.create()] | returned: YardResponse(id=1, name=Chennai Central Yard, location=Chennai, totalSlots=10, createdAt=2026-04-16T16:08:29.894346100)
2026-04-16 16:08:29 [INFO ] [http-nio-8081-exec-1] com.example.aspect.AuditLogger - [AFTER] [YardServiceImpl.create()] | execution finished
2026-04-16 16:08:43 [INFO ] [http-nio-8081-exec-3] com.example.aspect.AuditLogger - [BEFORE] [YardServiceImpl.create()] | args: [YardRequest(name=Mumbai Yard, location=Mumbai, totalSlots=8), admin@railflow.com]
2026-04-16 16:08:43 [INFO ] [http-nio-8081-exec-3] com.example.aspect.AuditLogger - [SUCCESS] [YardServiceImpl.create()] | returned: YardResponse(id=2, name=Mumbai Yard, location=Mumbai, totalSlots=8, createdAt=2026-04-16T16:08:43.141735400)
2026-04-16 16:08:43 [INFO ] [http-nio-8081-exec-3] com.example.aspect.AuditLogger - [AFTER] [YardServiceImpl.create()] | execution finished
2026-04-16 16:08:52 [INFO ] [http-nio-8081-exec-4] com.example.aspect.AuditLogger - [BEFORE] [YardServiceImpl.getAll()] | args: []
2026-04-16 16:08:52 [INFO ] [http-nio-8081-exec-4] com.example.aspect.AuditLogger - [SUCCESS] [YardServiceImpl.getAll()] | returned: [YardResponse(id=1, name=Chennai Central Yard, location=Chennai, totalSlots=10, createdAt=2026-04-16T16:08:29.894346), YardResponse(id=2, name=Mumbai Yard, location=Mumbai, totalSlots=8, createdAt=2026-04-16T16:08:43.141735)]
2026-04-16 16:08:52 [INFO ] [http-nio-8081-exec-4] com.example.aspect.AuditLogger - [AFTER] [YardServiceImpl.getAll()] | execution finished
2026-04-16 16:10:06 [INFO ] [http-nio-8081-exec-6] com.example.aspect.AuditLogger - [BEFORE] [YardSlotServiceImpl.configure()] | args: [YardSlotRequest(yardId=1, trackNumber=Track-A, position=1), admin@railflow.com]
2026-04-16 16:10:06 [INFO ] [http-nio-8081-exec-6] com.example.aspect.AuditLogger - [SUCCESS] [YardSlotServiceImpl.configure()] | returned: YardSlotResponse(slotId=1, yardId=1, yardName=Chennai Central Yard, trackNumber=Track-A, position=1, status=AVAILABLE, assignedAssetType=null, assignedAssetId=null)
2026-04-16 16:10:06 [INFO ] [http-nio-8081-exec-6] com.example.aspect.AuditLogger - [AFTER] [YardSlotServiceImpl.configure()] | execution finished
2026-04-16 16:10:55 [INFO ] [http-nio-8081-exec-8] com.example.aspect.AuditLogger - [BEFORE] [YardSlotServiceImpl.configure()] | args: [YardSlotRequest(yardId=1, trackNumber=Track-A, position=2), admin@railflow.com]
2026-04-16 16:10:55 [INFO ] [http-nio-8081-exec-8] com.example.aspect.AuditLogger - [SUCCESS] [YardSlotServiceImpl.configure()] | returned: YardSlotResponse(slotId=2, yardId=1, yardName=Chennai Central Yard, trackNumber=Track-A, position=2, status=AVAILABLE, assignedAssetType=null, assignedAssetId=null)
2026-04-16 16:10:55 [INFO ] [http-nio-8081-exec-8] com.example.aspect.AuditLogger - [AFTER] [YardSlotServiceImpl.configure()] | execution finished
2026-04-16 16:11:09 [INFO ] [http-nio-8081-exec-9] com.example.aspect.AuditLogger - [BEFORE] [YardSlotServiceImpl.configure()] | args: [YardSlotRequest(yardId=1, trackNumber=Track-B, position=1), admin@railflow.com]
2026-04-16 16:11:09 [INFO ] [http-nio-8081-exec-9] com.example.aspect.AuditLogger - [SUCCESS] [YardSlotServiceImpl.configure()] | returned: YardSlotResponse(slotId=3, yardId=1, yardName=Chennai Central Yard, trackNumber=Track-B, position=1, status=AVAILABLE, assignedAssetType=null, assignedAssetId=null)
2026-04-16 16:11:09 [INFO ] [http-nio-8081-exec-9] com.example.aspect.AuditLogger - [AFTER] [YardSlotServiceImpl.configure()] | execution finished
2026-04-16 16:11:50 [INFO ] [http-nio-8081-exec-7] com.example.aspect.AuditLogger - [BEFORE] [YardSlotServiceImpl.configure()] | args: [YardSlotRequest(yardId=2, trackNumber=Track-A, position=1), admin@railflow.com]
2026-04-16 16:11:50 [INFO ] [http-nio-8081-exec-7] com.example.aspect.AuditLogger - [SUCCESS] [YardSlotServiceImpl.configure()] | returned: YardSlotResponse(slotId=4, yardId=2, yardName=Mumbai Yard, trackNumber=Track-A, position=1, status=AVAILABLE, assignedAssetType=null, assignedAssetId=null)
2026-04-16 16:11:50 [INFO ] [http-nio-8081-exec-7] com.example.aspect.AuditLogger - [AFTER] [YardSlotServiceImpl.configure()] | execution finished
2026-04-16 16:12:05 [INFO ] [http-nio-8081-exec-10] com.example.aspect.AuditLogger - [BEFORE] [YardSlotServiceImpl.getSlotMap()] | args: []
2026-04-16 16:12:05 [INFO ] [http-nio-8081-exec-10] com.example.aspect.AuditLogger - [SUCCESS] [YardSlotServiceImpl.getSlotMap()] | returned: [YardSlotResponse(slotId=1, yardId=1, yardName=Chennai Central Yard, trackNumber=Track-A, position=1, status=AVAILABLE, assignedAssetType=null, assignedAssetId=null), YardSlotResponse(slotId=2, yardId=1, yardName=Chennai Central Yard, trackNumber=Track-A, position=2, status=AVAILABLE, assignedAssetType=null, assignedAssetId=null), YardSlotResponse(slotId=3, yardId=1, yardName=Chennai Central Yard, trackNumber=Track-B, position=1, status=AVAILABLE, assignedAssetType=null, assignedAssetId=null), YardSlotResponse(slotId=4, yardId=2, yardName=Mumbai Yard, trackNumber=Track-A, position=1, status=AVAILABLE, assignedAssetType=null, assignedAssetId=null)]
2026-04-16 16:12:05 [INFO ] [http-nio-8081-exec-10] com.example.aspect.AuditLogger - [AFTER] [YardSlotServiceImpl.getSlotMap()] | execution finished
2026-04-16 16:12:47 [INFO ] [http-nio-8081-exec-3] com.example.aspect.AuditLogger - [BEFORE] [YardSlotServiceImpl.getByYard()] | args: [1]
2026-04-16 16:12:47 [INFO ] [http-nio-8081-exec-3] com.example.aspect.AuditLogger - [SUCCESS] [YardSlotServiceImpl.getByYard()] | returned: [YardSlotResponse(slotId=1, yardId=1, yardName=Chennai Central Yard, trackNumber=Track-A, position=1, status=AVAILABLE, assignedAssetType=null, assignedAssetId=null), YardSlotResponse(slotId=2, yardId=1, yardName=Chennai Central Yard, trackNumber=Track-A, position=2, status=AVAILABLE, assignedAssetType=null, assignedAssetId=null), YardSlotResponse(slotId=3, yardId=1, yardName=Chennai Central Yard, trackNumber=Track-B, position=1, status=AVAILABLE, assignedAssetType=null, assignedAssetId=null)]
2026-04-16 16:12:47 [INFO ] [http-nio-8081-exec-3] com.example.aspect.AuditLogger - [AFTER] [YardSlotServiceImpl.getByYard()] | execution finished
2026-04-16 16:14:26 [INFO ] [http-nio-8081-exec-6] com.example.aspect.AuditLogger - [BEFORE] [YardSlotServiceImpl.getSlotMap()] | args: []
2026-04-16 16:14:26 [INFO ] [http-nio-8081-exec-6] com.example.aspect.AuditLogger - [SUCCESS] [YardSlotServiceImpl.getSlotMap()] | returned: [YardSlotResponse(slotId=1, yardId=1, yardName=Chennai Central Yard, trackNumber=Track-A, position=1, status=AVAILABLE, assignedAssetType=null, assignedAssetId=null), YardSlotResponse(slotId=2, yardId=1, yardName=Chennai Central Yard, trackNumber=Track-A, position=2, status=AVAILABLE, assignedAssetType=null, assignedAssetId=null), YardSlotResponse(slotId=3, yardId=1, yardName=Chennai Central Yard, trackNumber=Track-B, position=1, status=AVAILABLE, assignedAssetType=null, assignedAssetId=null), YardSlotResponse(slotId=4, yardId=2, yardName=Mumbai Yard, trackNumber=Track-A, position=1, status=AVAILABLE, assignedAssetType=null, assignedAssetId=null)]
2026-04-16 16:14:26 [INFO ] [http-nio-8081-exec-6] com.example.aspect.AuditLogger - [AFTER] [YardSlotServiceImpl.getSlotMap()] | execution finished
2026-04-16 20:44:44 [INFO ] [main] com.example.Application - Starting Application using Java 21.0.10 with PID 34904 (C:\Users\2485184\RAILFLOW\target\classes started by 2485184 in C:\Users\2485184\RAILFLOW)
2026-04-16 20:44:44 [INFO ] [main] com.example.Application - No active profile set, falling back to 1 default profile: "default"
2026-04-16 20:44:59 [INFO ] [main] com.example.Application - Started Application in 15.315 seconds (process running for 16.124)
