2026-04-14 20:43:34 [INFO ] [main] com.example.Application - Starting Application using Java 21.0.10 with PID 31980 (C:\Users\2485184\RAILFLOW\target\classes started by 2485184 in C:\Users\2485184\RAILFLOW)
2026-04-14 20:43:34 [INFO ] [main] com.example.Application - No active profile set, falling back to 1 default profile: "default"
2026-04-14 20:43:57 [INFO ] [main] com.example.Application - Started Application in 24.188 seconds (process running for 25.172)
2026-04-14 20:44:38 [INFO ] [http-nio-8081-exec-10] com.example.aspect.AuditLogger - [BEFORE] [AuthServiceImpl.login()] | args: [LoginRequest(email=admin@railflow.com, password=admin123)]
2026-04-14 20:44:38 [INFO ] [http-nio-8081-exec-10] com.example.aspect.AuditLogger - [SUCCESS] [AuthServiceImpl.login()] | returned: JwtResponse(token=eyJhbGciOiJIUzUxMiJ9.eyJzdWIiOiJhZG1pbkByYWlsZmxvdy5jb20iLCJyb2xlIjoiQURNSU4iLCJ1c2VySWQiOjEsImlhdCI6MTc3NjE3OTY3OCwiZXhwIjoxNzc2MjY2MDc4fQ.r8_nlclkZqbDi1cNYu5Nx3GMf1N0oR8e3UsAYN1XvFWlXjfn_bTxUNPHuQXGcHqihuU_kUy8Lj9UHeq5gzmXHA, role=ADMIN, email=admin@railflow.com, name=Super Admin)
2026-04-14 20:44:38 [INFO ] [http-nio-8081-exec-10] com.example.aspect.AuditLogger - [AFTER] [AuthServiceImpl.login()] | execution finished
2026-04-14 20:46:23 [INFO ] [http-nio-8081-exec-5] com.example.aspect.AuditLogger - [BEFORE] [LocomotiveServiceImpl.register()] | args: [LocomotiveRequest(model=WAP-7, capacityTon=500.00, serialNumber=LOCO-001), admin@railflow.com]
2026-04-14 20:46:23 [INFO ] [http-nio-8081-exec-5] com.example.aspect.AuditLogger - [SUCCESS] [LocomotiveServiceImpl.register()] | returned: LocomotiveResponse(id=1, model=WAP-7, capacityTon=500.00, serialNumber=LOCO-001, status=AVAILABLE)
2026-04-14 20:46:23 [INFO ] [http-nio-8081-exec-5] com.example.aspect.AuditLogger - [AFTER] [LocomotiveServiceImpl.register()] | execution finished
2026-04-14 20:46:34 [INFO ] [http-nio-8081-exec-6] com.example.aspect.AuditLogger - [BEFORE] [LocomotiveServiceImpl.register()] | args: [LocomotiveRequest(model=WAP-5, capacityTon=450.00, serialNumber=LOCO-002), admin@railflow.com]
2026-04-14 20:46:34 [INFO ] [http-nio-8081-exec-6] com.example.aspect.AuditLogger - [SUCCESS] [LocomotiveServiceImpl.register()] | returned: LocomotiveResponse(id=2, model=WAP-5, capacityTon=450.00, serialNumber=LOCO-002, status=AVAILABLE)
2026-04-14 20:46:34 [INFO ] [http-nio-8081-exec-6] com.example.aspect.AuditLogger - [AFTER] [LocomotiveServiceImpl.register()] | execution finished
2026-04-14 20:46:45 [INFO ] [http-nio-8081-exec-8] com.example.aspect.AuditLogger - [BEFORE] [LocomotiveServiceImpl.register()] | args: [LocomotiveRequest(model=WAG-9, capacityTon=600.00, serialNumber=LOCO-003), admin@railflow.com]
2026-04-14 20:46:45 [INFO ] [http-nio-8081-exec-8] com.example.aspect.AuditLogger - [SUCCESS] [LocomotiveServiceImpl.register()] | returned: LocomotiveResponse(id=3, model=WAG-9, capacityTon=600.00, serialNumber=LOCO-003, status=AVAILABLE)
2026-04-14 20:46:45 [INFO ] [http-nio-8081-exec-8] com.example.aspect.AuditLogger - [AFTER] [LocomotiveServiceImpl.register()] | execution finished
2026-04-14 20:46:55 [INFO ] [http-nio-8081-exec-7] com.example.aspect.AuditLogger - [BEFORE] [LocomotiveServiceImpl.register()] | args: [LocomotiveRequest(model=WAP-4, capacityTon=420.00, serialNumber=LOCO-004), admin@railflow.com]
2026-04-14 20:46:55 [INFO ] [http-nio-8081-exec-7] com.example.aspect.AuditLogger - [SUCCESS] [LocomotiveServiceImpl.register()] | returned: LocomotiveResponse(id=4, model=WAP-4, capacityTon=420.00, serialNumber=LOCO-004, status=AVAILABLE)
2026-04-14 20:46:55 [INFO ] [http-nio-8081-exec-7] com.example.aspect.AuditLogger - [AFTER] [LocomotiveServiceImpl.register()] | execution finished
2026-04-14 20:47:04 [INFO ] [http-nio-8081-exec-9] com.example.aspect.AuditLogger - [BEFORE] [LocomotiveServiceImpl.register()] | args: [LocomotiveRequest(model=WAG-7, capacityTon=550.00, serialNumber=LOCO-005), admin@railflow.com]
2026-04-14 20:47:04 [INFO ] [http-nio-8081-exec-9] com.example.aspect.AuditLogger - [SUCCESS] [LocomotiveServiceImpl.register()] | returned: LocomotiveResponse(id=5, model=WAG-7, capacityTon=550.00, serialNumber=LOCO-005, status=AVAILABLE)
2026-04-14 20:47:04 [INFO ] [http-nio-8081-exec-9] com.example.aspect.AuditLogger - [AFTER] [LocomotiveServiceImpl.register()] | execution finished
2026-04-14 20:47:37 [INFO ] [http-nio-8081-exec-10] com.example.aspect.AuditLogger - [BEFORE] [LocomotiveServiceImpl.getAll()] | args: [AVAILABLE]
2026-04-14 20:47:37 [INFO ] [http-nio-8081-exec-10] com.example.aspect.AuditLogger - [SUCCESS] [LocomotiveServiceImpl.getAll()] | returned: [LocomotiveResponse(id=1, model=WAP-7, capacityTon=500.00, serialNumber=LOCO-001, status=AVAILABLE), LocomotiveResponse(id=2, model=WAP-5, capacityTon=450.00, serialNumber=LOCO-002, status=AVAILABLE), LocomotiveResponse(id=3, model=WAG-9, capacityTon=600.00, serialNumber=LOCO-003, status=AVAILABLE), LocomotiveResponse(id=4, model=WAP-4, capacityTon=420.00, serialNumber=LOCO-004, status=AVAILABLE), LocomotiveResponse(id=5, model=WAG-7, capacityTon=550.00, serialNumber=LOCO-005, status=AVAILABLE)]
2026-04-14 20:47:37 [INFO ] [http-nio-8081-exec-10] com.example.aspect.AuditLogger - [AFTER] [LocomotiveServiceImpl.getAll()] | execution finished
2026-04-14 20:48:33 [INFO ] [http-nio-8081-exec-3] com.example.aspect.AuditLogger - [BEFORE] [LocomotiveServiceImpl.changeStatus()] | args: [1, LocomotiveStatusRequest(status=ASSIGNED), admin@railflow.com]
2026-04-14 20:48:33 [INFO ] [http-nio-8081-exec-3] com.example.aspect.AuditLogger - [SUCCESS] [LocomotiveServiceImpl.changeStatus()] | returned: LocomotiveResponse(id=1, model=WAP-7, capacityTon=500.00, serialNumber=LOCO-001, status=ASSIGNED)
2026-04-14 20:48:33 [INFO ] [http-nio-8081-exec-3] com.example.aspect.AuditLogger - [AFTER] [LocomotiveServiceImpl.changeStatus()] | execution finished
2026-04-14 20:48:45 [INFO ] [http-nio-8081-exec-2] com.example.aspect.AuditLogger - [BEFORE] [LocomotiveServiceImpl.changeStatus()] | args: [1, LocomotiveStatusRequest(status=AVAILABLE), admin@railflow.com]
2026-04-14 20:48:45 [INFO ] [http-nio-8081-exec-2] com.example.aspect.AuditLogger - [SUCCESS] [LocomotiveServiceImpl.changeStatus()] | returned: LocomotiveResponse(id=1, model=WAP-7, capacityTon=500.00, serialNumber=LOCO-001, status=AVAILABLE)
2026-04-14 20:48:45 [INFO ] [http-nio-8081-exec-2] com.example.aspect.AuditLogger - [AFTER] [LocomotiveServiceImpl.changeStatus()] | execution finished
2026-04-14 20:49:12 [INFO ] [http-nio-8081-exec-1] com.example.aspect.AuditLogger - [BEFORE] [WagonServiceImpl.register()] | args: [WagonRequest(type=TANKER, capacityTon=70.0, serialNumber=WAG-TAN-001), admin@railflow.com]
2026-04-14 20:49:12 [INFO ] [http-nio-8081-exec-1] com.example.aspect.AuditLogger - [SUCCESS] [WagonServiceImpl.register()] | returned: WagonResponse(id=1, type=TANKER, capacityTon=70.0, serialNumber=WAG-TAN-001, status=AVAILABLE)
2026-04-14 20:49:12 [INFO ] [http-nio-8081-exec-1] com.example.aspect.AuditLogger - [AFTER] [WagonServiceImpl.register()] | execution finished
2026-04-14 20:49:22 [INFO ] [http-nio-8081-exec-4] com.example.aspect.AuditLogger - [BEFORE] [WagonServiceImpl.register()] | args: [WagonRequest(type=TANKER, capacityTon=75.0, serialNumber=WAG-TAN-002), admin@railflow.com]
2026-04-14 20:49:22 [INFO ] [http-nio-8081-exec-4] com.example.aspect.AuditLogger - [SUCCESS] [WagonServiceImpl.register()] | returned: WagonResponse(id=2, type=TANKER, capacityTon=75.0, serialNumber=WAG-TAN-002, status=AVAILABLE)
2026-04-14 20:49:22 [INFO ] [http-nio-8081-exec-4] com.example.aspect.AuditLogger - [AFTER] [WagonServiceImpl.register()] | execution finished
2026-04-14 20:49:37 [INFO ] [http-nio-8081-exec-5] com.example.aspect.AuditLogger - [BEFORE] [WagonServiceImpl.register()] | args: [WagonRequest(type=BOX, capacityTon=60.0, serialNumber=WAG-BOX-001), admin@railflow.com]
2026-04-14 20:49:37 [INFO ] [http-nio-8081-exec-5] com.example.aspect.AuditLogger - [SUCCESS] [WagonServiceImpl.register()] | returned: WagonResponse(id=3, type=BOX, capacityTon=60.0, serialNumber=WAG-BOX-001, status=AVAILABLE)
2026-04-14 20:49:37 [INFO ] [http-nio-8081-exec-5] com.example.aspect.AuditLogger - [AFTER] [WagonServiceImpl.register()] | execution finished
2026-04-14 20:49:49 [INFO ] [http-nio-8081-exec-6] com.example.aspect.AuditLogger - [BEFORE] [WagonServiceImpl.register()] | args: [WagonRequest(type=FLAT, capacityTon=90.0, serialNumber=WAG-FLT-001), admin@railflow.com]
2026-04-14 20:49:50 [INFO ] [http-nio-8081-exec-6] com.example.aspect.AuditLogger - [SUCCESS] [WagonServiceImpl.register()] | returned: WagonResponse(id=4, type=FLAT, capacityTon=90.0, serialNumber=WAG-FLT-001, status=AVAILABLE)
2026-04-14 20:49:50 [INFO ] [http-nio-8081-exec-6] com.example.aspect.AuditLogger - [AFTER] [WagonServiceImpl.register()] | execution finished
2026-04-14 20:50:24 [INFO ] [http-nio-8081-exec-8] com.example.aspect.AuditLogger - [BEFORE] [WagonServiceImpl.register()] | args: [WagonRequest(type=FLAT, capacityTon=95.0, serialNumber=WAG-FLT-002), admin@railflow.com]
2026-04-14 20:50:24 [INFO ] [http-nio-8081-exec-8] com.example.aspect.AuditLogger - [SUCCESS] [WagonServiceImpl.register()] | returned: WagonResponse(id=5, type=FLAT, capacityTon=95.0, serialNumber=WAG-FLT-002, status=AVAILABLE)
2026-04-14 20:50:24 [INFO ] [http-nio-8081-exec-8] com.example.aspect.AuditLogger - [AFTER] [WagonServiceImpl.register()] | execution finished
2026-04-14 20:52:38 [INFO ] [http-nio-8081-exec-9] com.example.aspect.AuditLogger - [BEFORE] [WagonServiceImpl.getAll()] | args: [TANKER, AVAILABLE]
2026-04-14 20:52:38 [INFO ] [http-nio-8081-exec-9] com.example.aspect.AuditLogger - [SUCCESS] [WagonServiceImpl.getAll()] | returned: [WagonResponse(id=1, type=TANKER, capacityTon=70.0, serialNumber=WAG-TAN-001, status=AVAILABLE), WagonResponse(id=2, type=TANKER, capacityTon=75.0, serialNumber=WAG-TAN-002, status=AVAILABLE)]
2026-04-14 20:52:38 [INFO ] [http-nio-8081-exec-9] com.example.aspect.AuditLogger - [AFTER] [WagonServiceImpl.getAll()] | execution finished
2026-04-14 20:53:00 [INFO ] [http-nio-8081-exec-10] com.example.aspect.AuditLogger - [BEFORE] [WagonServiceImpl.getAll()] | args: [FLAT, AVAILABLE]
2026-04-14 20:53:00 [INFO ] [http-nio-8081-exec-10] com.example.aspect.AuditLogger - [SUCCESS] [WagonServiceImpl.getAll()] | returned: [WagonResponse(id=4, type=FLAT, capacityTon=90.0, serialNumber=WAG-FLT-001, status=AVAILABLE), WagonResponse(id=5, type=FLAT, capacityTon=95.0, serialNumber=WAG-FLT-002, status=AVAILABLE)]
2026-04-14 20:53:00 [INFO ] [http-nio-8081-exec-10] com.example.aspect.AuditLogger - [AFTER] [WagonServiceImpl.getAll()] | execution finished
2026-04-14 20:53:14 [INFO ] [http-nio-8081-exec-3] com.example.aspect.AuditLogger - [BEFORE] [WagonServiceImpl.getAll()] | args: [BOX, AVAILABLE]
2026-04-14 20:53:15 [INFO ] [http-nio-8081-exec-3] com.example.aspect.AuditLogger - [SUCCESS] [WagonServiceImpl.getAll()] | returned: [WagonResponse(id=3, type=BOX, capacityTon=60.0, serialNumber=WAG-BOX-001, status=AVAILABLE)]
2026-04-14 20:53:15 [INFO ] [http-nio-8081-exec-3] com.example.aspect.AuditLogger - [AFTER] [WagonServiceImpl.getAll()] | execution finished
2026-04-14 20:53:45 [INFO ] [http-nio-8081-exec-2] com.example.aspect.AuditLogger - [BEFORE] [WagonServiceImpl.getById()] | args: [1]
2026-04-14 20:53:45 [INFO ] [http-nio-8081-exec-2] com.example.aspect.AuditLogger - [SUCCESS] [WagonServiceImpl.getById()] | returned: WagonResponse(id=1, type=TANKER, capacityTon=70.0, serialNumber=WAG-TAN-001, status=AVAILABLE)
2026-04-14 20:53:45 [INFO ] [http-nio-8081-exec-2] com.example.aspect.AuditLogger - [AFTER] [WagonServiceImpl.getById()] | execution finished
2026-04-14 20:54:45 [INFO ] [http-nio-8081-exec-1] com.example.aspect.AuditLogger - [BEFORE] [WagonServiceImpl.update()] | args: [1, WagonRequest(type=TANKER, capacityTon=80.0, serialNumber=WAG-TAN-001), admin@railflow.com]
2026-04-14 20:54:45 [INFO ] [http-nio-8081-exec-1] com.example.aspect.AuditLogger - [SUCCESS] [WagonServiceImpl.update()] | returned: WagonResponse(id=1, type=TANKER, capacityTon=80.0, serialNumber=WAG-TAN-001, status=AVAILABLE)
2026-04-14 20:54:45 [INFO ] [http-nio-8081-exec-1] com.example.aspect.AuditLogger - [AFTER] [WagonServiceImpl.update()] | execution finished
2026-04-14 20:55:03 [INFO ] [http-nio-8081-exec-4] com.example.aspect.AuditLogger - [BEFORE] [WagonServiceImpl.getAll()] | args: [BOX, AVAILABLE]
2026-04-14 20:55:03 [INFO ] [http-nio-8081-exec-4] com.example.aspect.AuditLogger - [SUCCESS] [WagonServiceImpl.getAll()] | returned: [WagonResponse(id=3, type=BOX, capacityTon=60.0, serialNumber=WAG-BOX-001, status=AVAILABLE)]
2026-04-14 20:55:03 [INFO ] [http-nio-8081-exec-4] com.example.aspect.AuditLogger - [AFTER] [WagonServiceImpl.getAll()] | execution finished
2026-04-14 20:55:27 [INFO ] [http-nio-8081-exec-5] com.example.aspect.AuditLogger - [BEFORE] [WagonServiceImpl.getAll()] | args: [TANKER, AVAILABLE]
2026-04-14 20:55:27 [INFO ] [http-nio-8081-exec-5] com.example.aspect.AuditLogger - [SUCCESS] [WagonServiceImpl.getAll()] | returned: [WagonResponse(id=1, type=TANKER, capacityTon=80.0, serialNumber=WAG-TAN-001, status=AVAILABLE), WagonResponse(id=2, type=TANKER, capacityTon=75.0, serialNumber=WAG-TAN-002, status=AVAILABLE)]
2026-04-14 20:55:27 [INFO ] [http-nio-8081-exec-5] com.example.aspect.AuditLogger - [AFTER] [WagonServiceImpl.getAll()] | execution finished
2026-04-14 20:56:20 [INFO ] [http-nio-8081-exec-6] com.example.aspect.AuditLogger - [BEFORE] [WagonServiceImpl.changeStatus()] | args: [1, WagonStatusRequest(status=ASSIGNED), admin@railflow.com]
2026-04-14 20:56:20 [INFO ] [http-nio-8081-exec-6] com.example.aspect.AuditLogger - [SUCCESS] [WagonServiceImpl.changeStatus()] | returned: WagonResponse(id=1, type=TANKER, capacityTon=80.0, serialNumber=WAG-TAN-001, status=ASSIGNED)
2026-04-14 20:56:20 [INFO ] [http-nio-8081-exec-6] com.example.aspect.AuditLogger - [AFTER] [WagonServiceImpl.changeStatus()] | execution finished
2026-04-14 20:56:37 [INFO ] [http-nio-8081-exec-8] com.example.aspect.AuditLogger - [BEFORE] [WagonServiceImpl.changeStatus()] | args: [1, WagonStatusRequest(status=AVAILABLE), admin@railflow.com]
2026-04-14 20:56:37 [INFO ] [http-nio-8081-exec-8] com.example.aspect.AuditLogger - [SUCCESS] [WagonServiceImpl.changeStatus()] | returned: WagonResponse(id=1, type=TANKER, capacityTon=80.0, serialNumber=WAG-TAN-001, status=AVAILABLE)
2026-04-14 20:56:37 [INFO ] [http-nio-8081-exec-8] com.example.aspect.AuditLogger - [AFTER] [WagonServiceImpl.changeStatus()] | execution finished
2026-04-14 20:56:51 [INFO ] [http-nio-8081-exec-7] com.example.aspect.AuditLogger - [BEFORE] [UserServiceImpl.getAllUsers()] | args: [null]
2026-04-14 20:56:51 [INFO ] [http-nio-8081-exec-7] com.example.aspect.AuditLogger - [SUCCESS] [UserServiceImpl.getAllUsers()] | returned: [User{id=1, name='Super Admin', email='admin@railflow.com', role=ADMIN, status=ACTIVE, createdAt=2026-04-13T09:15:35.981009}, User{id=2, name='Ahamed Al Huzaif', email='huzaif@railflow.com', role=DISPATCHER, status=ACTIVE, createdAt=2026-04-13T12:03:57.910611}, User{id=3, name='Kamalnath', email='kamalnath@railflow.com', role=LOCOMOTIVE_ENGINEER, status=ACTIVE, createdAt=2026-04-13T12:06:31.514172}, User{id=4, name='Sneha', email='Sneha@railflow.com', role=YARD_MANAGER, status=ACTIVE, createdAt=2026-04-13T12:07:34.146345}, User{id=5, name='Pragadeesh', email='Pragadeesh@railflow.com', role=FREIGHT_FORWADER, status=ACTIVE, createdAt=2026-04-13T12:10:48.241915}]
2026-04-14 20:56:51 [INFO ] [http-nio-8081-exec-7] com.example.aspect.AuditLogger - [AFTER] [UserServiceImpl.getAllUsers()] | execution finished
2026-04-14 20:57:00 [INFO ] [http-nio-8081-exec-9] com.example.aspect.AuditLogger - [BEFORE] [UserServiceImpl.getAllUsers()] | args: [ACTIVE]
2026-04-14 20:57:00 [INFO ] [http-nio-8081-exec-9] com.example.aspect.AuditLogger - [SUCCESS] [UserServiceImpl.getAllUsers()] | returned: [User{id=1, name='Super Admin', email='admin@railflow.com', role=ADMIN, status=ACTIVE, createdAt=2026-04-13T09:15:35.981009}, User{id=2, name='Ahamed Al Huzaif', email='huzaif@railflow.com', role=DISPATCHER, status=ACTIVE, createdAt=2026-04-13T12:03:57.910611}, User{id=3, name='Kamalnath', email='kamalnath@railflow.com', role=LOCOMOTIVE_ENGINEER, status=ACTIVE, createdAt=2026-04-13T12:06:31.514172}, User{id=4, name='Sneha', email='Sneha@railflow.com', role=YARD_MANAGER, status=ACTIVE, createdAt=2026-04-13T12:07:34.146345}, User{id=5, name='Pragadeesh', email='Pragadeesh@railflow.com', role=FREIGHT_FORWADER, status=ACTIVE, createdAt=2026-04-13T12:10:48.241915}]
2026-04-14 20:57:00 [INFO ] [http-nio-8081-exec-9] com.example.aspect.AuditLogger - [AFTER] [UserServiceImpl.getAllUsers()] | execution finished
2026-04-14 20:57:18 [INFO ] [http-nio-8081-exec-10] com.example.aspect.AuditLogger - [BEFORE] [UserServiceImpl.getUserById()] | args: [2]
2026-04-14 20:57:18 [INFO ] [http-nio-8081-exec-10] com.example.aspect.AuditLogger - [SUCCESS] [UserServiceImpl.getUserById()] | returned: User{id=2, name='Ahamed Al Huzaif', email='huzaif@railflow.com', role=DISPATCHER, status=ACTIVE, createdAt=2026-04-13T12:03:57.910611}
2026-04-14 20:57:18 [INFO ] [http-nio-8081-exec-10] com.example.aspect.AuditLogger - [AFTER] [UserServiceImpl.getUserById()] | execution finished
2026-04-14 20:58:13 [INFO ] [http-nio-8081-exec-3] com.example.aspect.AuditLogger - [BEFORE] [TimetableServiceImpl.create()] | args: [TimetableRequest(trainId=1, departureTime=2026-05-01T09:00, arrivalTime=2026-05-01T17:00, pathCode=CHN-MUM-001), admin@railflow.com]
2026-04-14 20:58:13 [INFO ] [http-nio-8081-exec-3] com.example.aspect.AuditLogger - [BEFORE] [PathConflictServiceImpl.detect()] | args: [com.example.model.Timetable@9ac42ea]
2026-04-14 20:58:13 [INFO ] [http-nio-8081-exec-3] com.example.aspect.AuditLogger - [SUCCESS] [PathConflictServiceImpl.detect()] | returned: null
2026-04-14 20:58:13 [INFO ] [http-nio-8081-exec-3] com.example.aspect.AuditLogger - [AFTER] [PathConflictServiceImpl.detect()] | execution finished
2026-04-14 20:58:13 [INFO ] [http-nio-8081-exec-3] com.example.aspect.AuditLogger - [SUCCESS] [TimetableServiceImpl.create()] | returned: TimetableResponse(id=1, departureTime=2026-05-01T09:00, arrivalTime=2026-05-01T17:00, pathCode=CHN-MUM-001, status=DRAFT, trainId=1)
2026-04-14 20:58:13 [INFO ] [http-nio-8081-exec-3] com.example.aspect.AuditLogger - [AFTER] [TimetableServiceImpl.create()] | execution finished
2026-04-14 20:58:29 [INFO ] [http-nio-8081-exec-2] com.example.aspect.AuditLogger - [BEFORE] [TimetableServiceImpl.create()] | args: [TimetableRequest(trainId=2, departureTime=2026-05-02T08:00, arrivalTime=2026-05-02T20:00, pathCode=CHN-DEL-001), admin@railflow.com]
2026-04-14 20:58:29 [INFO ] [http-nio-8081-exec-2] com.example.aspect.AuditLogger - [BEFORE] [PathConflictServiceImpl.detect()] | args: [com.example.model.Timetable@2342428f]
2026-04-14 20:58:29 [INFO ] [http-nio-8081-exec-2] com.example.aspect.AuditLogger - [SUCCESS] [PathConflictServiceImpl.detect()] | returned: null
2026-04-14 20:58:29 [INFO ] [http-nio-8081-exec-2] com.example.aspect.AuditLogger - [AFTER] [PathConflictServiceImpl.detect()] | execution finished
2026-04-14 20:58:29 [INFO ] [http-nio-8081-exec-2] com.example.aspect.AuditLogger - [SUCCESS] [TimetableServiceImpl.create()] | returned: TimetableResponse(id=2, departureTime=2026-05-02T08:00, arrivalTime=2026-05-02T20:00, pathCode=CHN-DEL-001, status=DRAFT, trainId=2)
2026-04-14 20:58:29 [INFO ] [http-nio-8081-exec-2] com.example.aspect.AuditLogger - [AFTER] [TimetableServiceImpl.create()] | execution finished
2026-04-14 20:58:31 [INFO ] [http-nio-8081-exec-1] com.example.aspect.AuditLogger - [BEFORE] [TimetableServiceImpl.create()] | args: [TimetableRequest(trainId=2, departureTime=2026-05-02T08:00, arrivalTime=2026-05-02T20:00, pathCode=CHN-DEL-001), admin@railflow.com]
2026-04-14 20:58:31 [INFO ] [http-nio-8081-exec-1] com.example.aspect.AuditLogger - [BEFORE] [PathConflictServiceImpl.detect()] | args: [com.example.model.Timetable@698e1711]
2026-04-14 20:58:31 [INFO ] [http-nio-8081-exec-1] com.example.aspect.AuditLogger - [SUCCESS] [PathConflictServiceImpl.detect()] | returned: null
2026-04-14 20:58:31 [INFO ] [http-nio-8081-exec-1] com.example.aspect.AuditLogger - [AFTER] [PathConflictServiceImpl.detect()] | execution finished
2026-04-14 20:58:31 [INFO ] [http-nio-8081-exec-1] com.example.aspect.AuditLogger - [SUCCESS] [TimetableServiceImpl.create()] | returned: TimetableResponse(id=3, departureTime=2026-05-02T08:00, arrivalTime=2026-05-02T20:00, pathCode=CHN-DEL-001, status=DRAFT, trainId=2)
2026-04-14 20:58:31 [INFO ] [http-nio-8081-exec-1] com.example.aspect.AuditLogger - [AFTER] [TimetableServiceImpl.create()] | execution finished
2026-04-14 20:58:50 [INFO ] [http-nio-8081-exec-4] com.example.aspect.AuditLogger - [BEFORE] [TimetableServiceImpl.getAll()] | args: [null]
2026-04-14 20:58:50 [INFO ] [http-nio-8081-exec-4] com.example.aspect.AuditLogger - [SUCCESS] [TimetableServiceImpl.getAll()] | returned: [TimetableResponse(id=1, departureTime=2026-05-01T09:00, arrivalTime=2026-05-01T17:00, pathCode=CHN-MUM-001, status=DRAFT, trainId=1), TimetableResponse(id=2, departureTime=2026-05-02T08:00, arrivalTime=2026-05-02T20:00, pathCode=CHN-DEL-001, status=DRAFT, trainId=2), TimetableResponse(id=3, departureTime=2026-05-02T08:00, arrivalTime=2026-05-02T20:00, pathCode=CHN-DEL-001, status=DRAFT, trainId=2)]
2026-04-14 20:58:50 [INFO ] [http-nio-8081-exec-4] com.example.aspect.AuditLogger - [AFTER] [TimetableServiceImpl.getAll()] | execution finished
2026-04-14 21:00:08 [INFO ] [http-nio-8081-exec-6] com.example.aspect.AuditLogger - [BEFORE] [TimetableServiceImpl.create()] | args: [TimetableRequest(trainId=3, departureTime=2026-05-03T07:00, arrivalTime=2026-05-03T22:00, pathCode=MUM-KOL-001), admin@railflow.com]
2026-04-14 21:00:08 [INFO ] [http-nio-8081-exec-6] com.example.aspect.AuditLogger - [BEFORE] [PathConflictServiceImpl.detect()] | args: [com.example.model.Timetable@6ec0c23f]
2026-04-14 21:00:08 [INFO ] [http-nio-8081-exec-6] com.example.aspect.AuditLogger - [SUCCESS] [PathConflictServiceImpl.detect()] | returned: null
2026-04-14 21:00:08 [INFO ] [http-nio-8081-exec-6] com.example.aspect.AuditLogger - [AFTER] [PathConflictServiceImpl.detect()] | execution finished
2026-04-14 21:00:08 [INFO ] [http-nio-8081-exec-6] com.example.aspect.AuditLogger - [SUCCESS] [TimetableServiceImpl.create()] | returned: TimetableResponse(id=4, departureTime=2026-05-03T07:00, arrivalTime=2026-05-03T22:00, pathCode=MUM-KOL-001, status=DRAFT, trainId=3)
2026-04-14 21:00:08 [INFO ] [http-nio-8081-exec-6] com.example.aspect.AuditLogger - [AFTER] [TimetableServiceImpl.create()] | execution finished
2026-04-14 21:00:37 [INFO ] [http-nio-8081-exec-8] com.example.aspect.AuditLogger - [BEFORE] [TimetableServiceImpl.updateStatus()] | args: [1, TimetableStatusRequest(status=PUBLISHED), admin@railflow.com]
2026-04-14 21:00:37 [INFO ] [http-nio-8081-exec-8] com.example.aspect.AuditLogger - [SUCCESS] [TimetableServiceImpl.updateStatus()] | returned: TimetableResponse(id=1, departureTime=2026-05-01T09:00, arrivalTime=2026-05-01T17:00, pathCode=CHN-MUM-001, status=PUBLISHED, trainId=1)
2026-04-14 21:00:37 [INFO ] [http-nio-8081-exec-8] com.example.aspect.AuditLogger - [AFTER] [TimetableServiceImpl.updateStatus()] | execution finished
2026-04-14 21:01:31 [INFO ] [http-nio-8081-exec-7] com.example.aspect.AuditLogger - [BEFORE] [TimetableServiceImpl.getAll()] | args: [null]
2026-04-14 21:01:31 [INFO ] [http-nio-8081-exec-7] com.example.aspect.AuditLogger - [SUCCESS] [TimetableServiceImpl.getAll()] | returned: [TimetableResponse(id=1, departureTime=2026-05-01T09:00, arrivalTime=2026-05-01T17:00, pathCode=CHN-MUM-001, status=PUBLISHED, trainId=1), TimetableResponse(id=2, departureTime=2026-05-02T08:00, arrivalTime=2026-05-02T20:00, pathCode=CHN-DEL-001, status=DRAFT, trainId=2), TimetableResponse(id=3, departureTime=2026-05-02T08:00, arrivalTime=2026-05-02T20:00, pathCode=CHN-DEL-001, status=DRAFT, trainId=2), TimetableResponse(id=4, departureTime=2026-05-03T07:00, arrivalTime=2026-05-03T22:00, pathCode=MUM-KOL-001, status=DRAFT, trainId=3)]
2026-04-14 21:01:31 [INFO ] [http-nio-8081-exec-7] com.example.aspect.AuditLogger - [AFTER] [TimetableServiceImpl.getAll()] | execution finished
2026-04-14 21:02:34 [INFO ] [http-nio-8081-exec-10] com.example.aspect.AuditLogger - [BEFORE] [TimetableServiceImpl.create()] | args: [TimetableRequest(trainId=1, departureTime=2026-05-01T11:00, arrivalTime=2026-05-01T15:00, pathCode=CHN-MUM-001), admin@railflow.com]
2026-04-14 21:02:34 [INFO ] [http-nio-8081-exec-10] com.example.aspect.AuditLogger - [BEFORE] [PathConflictServiceImpl.detect()] | args: [com.example.model.Timetable@3d95c35e]
2026-04-14 21:02:34 [INFO ] [http-nio-8081-exec-10] com.example.aspect.AuditLogger - [BEFORE] [NotificationServiceImpl.create()] | args: [NotificationCreateRequest(userId=1, role=ADMIN, message=Path conflict detected on route 'CHN-MUM-001' between timetable #5 and published timetable #1, entityId=1, entityType=TIMETABLE, category=CONFLICT)]
2026-04-14 21:02:35 [INFO ] [http-nio-8081-exec-10] com.example.aspect.AuditLogger - [SUCCESS] [NotificationServiceImpl.create()] | returned: NotificationResponse(id=1, userId=1, role=ADMIN, message=Path conflict detected on route 'CHN-MUM-001' between timetable #5 and published timetable #1, entityId=1, entityType=TIMETABLE, category=CONFLICT, status=UNREAD, createdAt=2026-04-14T21:02:34.965328700)
2026-04-14 21:02:35 [INFO ] [http-nio-8081-exec-10] com.example.aspect.AuditLogger - [AFTER] [NotificationServiceImpl.create()] | execution finished
2026-04-14 21:02:35 [INFO ] [http-nio-8081-exec-10] com.example.aspect.AuditLogger - [BEFORE] [NotificationServiceImpl.create()] | args: [NotificationCreateRequest(userId=2, role=DISPATCHER, message=Path conflict detected on route 'CHN-MUM-001' between timetable #5 and published timetable #1, entityId=1, entityType=TIMETABLE, category=CONFLICT)]
2026-04-14 21:02:35 [INFO ] [http-nio-8081-exec-10] com.example.aspect.AuditLogger - [SUCCESS] [NotificationServiceImpl.create()] | returned: NotificationResponse(id=2, userId=2, role=DISPATCHER, message=Path conflict detected on route 'CHN-MUM-001' between timetable #5 and published timetable #1, entityId=1, entityType=TIMETABLE, category=CONFLICT, status=UNREAD, createdAt=2026-04-14T21:02:35.015398)
2026-04-14 21:02:35 [INFO ] [http-nio-8081-exec-10] com.example.aspect.AuditLogger - [AFTER] [NotificationServiceImpl.create()] | execution finished
2026-04-14 21:02:35 [INFO ] [http-nio-8081-exec-10] com.example.aspect.AuditLogger - [BEFORE] [TaskServiceImpl.create()] | args: [TaskCreateRequest(assignedTo=2, description=Resolve path conflict #1 on route 'CHN-MUM-001'. Timetable #5 is ON_HOLD pending resolution., relatedEntityType=TIMETABLE, relatedEntityId=1, dueDate=2026-04-15T21:02:35.031576300)]
2026-04-14 21:02:35 [INFO ] [http-nio-8081-exec-10] com.example.aspect.AuditLogger - [SUCCESS] [TaskServiceImpl.create()] | returned: TaskResponse(id=1, assignedTo=2, description=Resolve path conflict #1 on route 'CHN-MUM-001'. Timetable #5 is ON_HOLD pending resolution., status=PENDING, relatedEntityId=1, relatedEntityType=TIMETABLE, dueDate=2026-04-15T21:02:35.031576300, createdAt=2026-04-14T21:02:35.031576300)
2026-04-14 21:02:35 [INFO ] [http-nio-8081-exec-10] com.example.aspect.AuditLogger - [AFTER] [TaskServiceImpl.create()] | execution finished
2026-04-14 21:02:35 [INFO ] [http-nio-8081-exec-10] com.example.aspect.AuditLogger - [SUCCESS] [PathConflictServiceImpl.detect()] | returned: null
2026-04-14 21:02:35 [INFO ] [http-nio-8081-exec-10] com.example.aspect.AuditLogger - [AFTER] [PathConflictServiceImpl.detect()] | execution finished
2026-04-14 21:02:35 [INFO ] [http-nio-8081-exec-10] com.example.aspect.AuditLogger - [SUCCESS] [TimetableServiceImpl.create()] | returned: TimetableResponse(id=5, departureTime=2026-05-01T11:00, arrivalTime=2026-05-01T15:00, pathCode=CHN-MUM-001, status=ON_HOLD, trainId=1)
2026-04-14 21:02:35 [INFO ] [http-nio-8081-exec-10] com.example.aspect.AuditLogger - [AFTER] [TimetableServiceImpl.create()] | execution finished
2026-04-14 21:02:58 [INFO ] [http-nio-8081-exec-3] com.example.aspect.AuditLogger - [BEFORE] [PathConflictServiceImpl.getAllUnresolved()] | args: []
2026-04-14 21:02:58 [INFO ] [http-nio-8081-exec-3] com.example.aspect.AuditLogger - [SUCCESS] [PathConflictServiceImpl.getAllUnresolved()] | returned: [PathConflictResponse(id=1, resolutionStatus=UNRESOLVED, resolutionNote=null, resolvedBy=null, resolvedAt=null, detectedAt=2026-04-14T21:02:34.944194, timetableId1=5, pathCode1=CHN-MUM-001, departureTime1=2026-05-01T11:00, timetableId2=1, pathCode2=CHN-MUM-001, departureTime2=2026-05-01T09:00)]
2026-04-14 21:02:58 [INFO ] [http-nio-8081-exec-3] com.example.aspect.AuditLogger - [AFTER] [PathConflictServiceImpl.getAllUnresolved()] | execution finished
2026-04-14 21:06:41 [INFO ] [http-nio-8081-exec-1] com.example.aspect.AuditLogger - [BEFORE] [PathConflictServiceImpl.resolve()] | args: [1, ResolveConflictRequest(resolutionNote=Conflict #1 has been resolved by updating the timetable 5, newDepartureTime=2026-05-01T18:30, newArrivalTime=2026-05-01T20:30), admin@railflow.com]
2026-04-14 21:06:41 [INFO ] [http-nio-8081-exec-1] com.example.aspect.AuditLogger - [BEFORE] [NotificationServiceImpl.create()] | args: [NotificationCreateRequest(userId=1, role=ADMIN, message=All conflicts for timetable #5 on route 'CHN-MUM-001' resolved by admin@railflow.com. Timetable rescheduled to 2026-05-01T18:30 → 2026-05-01T20:30 and is now PUBLISHED., entityId=1, entityType=TIMETABLE, category=CONFLICT)]
2026-04-14 21:06:41 [INFO ] [http-nio-8081-exec-1] com.example.aspect.AuditLogger - [SUCCESS] [NotificationServiceImpl.create()] | returned: NotificationResponse(id=3, userId=1, role=ADMIN, message=All conflicts for timetable #5 on route 'CHN-MUM-001' resolved by admin@railflow.com. Timetable rescheduled to 2026-05-01T18:30 → 2026-05-01T20:30 and is now PUBLISHED., entityId=1, entityType=TIMETABLE, category=CONFLICT, status=UNREAD, createdAt=2026-04-14T21:06:41.574511600)
2026-04-14 21:06:41 [INFO ] [http-nio-8081-exec-1] com.example.aspect.AuditLogger - [AFTER] [NotificationServiceImpl.create()] | execution finished
2026-04-14 21:06:41 [INFO ] [http-nio-8081-exec-1] com.example.aspect.AuditLogger - [BEFORE] [NotificationServiceImpl.create()] | args: [NotificationCreateRequest(userId=2, role=DISPATCHER, message=All conflicts for timetable #5 on route 'CHN-MUM-001' resolved by admin@railflow.com. Timetable rescheduled to 2026-05-01T18:30 → 2026-05-01T20:30 and is now PUBLISHED., entityId=1, entityType=TIMETABLE, category=CONFLICT)]
2026-04-14 21:06:41 [INFO ] [http-nio-8081-exec-1] com.example.aspect.AuditLogger - [SUCCESS] [NotificationServiceImpl.create()] | returned: NotificationResponse(id=4, userId=2, role=DISPATCHER, message=All conflicts for timetable #5 on route 'CHN-MUM-001' resolved by admin@railflow.com. Timetable rescheduled to 2026-05-01T18:30 → 2026-05-01T20:30 and is now PUBLISHED., entityId=1, entityType=TIMETABLE, category=CONFLICT, status=UNREAD, createdAt=2026-04-14T21:06:41.586687800)
2026-04-14 21:06:41 [INFO ] [http-nio-8081-exec-1] com.example.aspect.AuditLogger - [AFTER] [NotificationServiceImpl.create()] | execution finished
2026-04-14 21:06:41 [INFO ] [http-nio-8081-exec-1] com.example.aspect.AuditLogger - [SUCCESS] [PathConflictServiceImpl.resolve()] | returned: PathConflictResponse(id=1, resolutionStatus=RESOLVED, resolutionNote=Conflict #1 has been resolved by updating the timetable 5, resolvedBy=admin@railflow.com, resolvedAt=2026-04-14T21:06:41.563978800, detectedAt=2026-04-14T21:02:34.944194, timetableId1=5, pathCode1=CHN-MUM-001, departureTime1=2026-05-01T18:30, timetableId2=1, pathCode2=CHN-MUM-001, departureTime2=2026-05-01T09:00)
2026-04-14 21:06:41 [INFO ] [http-nio-8081-exec-1] com.example.aspect.AuditLogger - [AFTER] [PathConflictServiceImpl.resolve()] | execution finished
2026-04-14 21:06:54 [INFO ] [http-nio-8081-exec-4] com.example.aspect.AuditLogger - [BEFORE] [PathConflictServiceImpl.getAllUnresolved()] | args: []
2026-04-14 21:06:54 [INFO ] [http-nio-8081-exec-4] com.example.aspect.AuditLogger - [SUCCESS] [PathConflictServiceImpl.getAllUnresolved()] | returned: []
2026-04-14 21:06:54 [INFO ] [http-nio-8081-exec-4] com.example.aspect.AuditLogger - [AFTER] [PathConflictServiceImpl.getAllUnresolved()] | execution finished
2026-04-14 21:07:10 [INFO ] [http-nio-8081-exec-5] com.example.aspect.AuditLogger - [BEFORE] [TimetableServiceImpl.getAll()] | args: [null]
2026-04-14 21:07:10 [INFO ] [http-nio-8081-exec-5] com.example.aspect.AuditLogger - [SUCCESS] [TimetableServiceImpl.getAll()] | returned: [TimetableResponse(id=1, departureTime=2026-05-01T09:00, arrivalTime=2026-05-01T17:00, pathCode=CHN-MUM-001, status=PUBLISHED, trainId=1), TimetableResponse(id=2, departureTime=2026-05-02T08:00, arrivalTime=2026-05-02T20:00, pathCode=CHN-DEL-001, status=DRAFT, trainId=2), TimetableResponse(id=3, departureTime=2026-05-02T08:00, arrivalTime=2026-05-02T20:00, pathCode=CHN-DEL-001, status=DRAFT, trainId=2), TimetableResponse(id=4, departureTime=2026-05-03T07:00, arrivalTime=2026-05-03T22:00, pathCode=MUM-KOL-001, status=DRAFT, trainId=3), TimetableResponse(id=5, departureTime=2026-05-01T18:30, arrivalTime=2026-05-01T20:30, pathCode=CHN-MUM-001, status=PUBLISHED, trainId=1)]
2026-04-14 21:07:10 [INFO ] [http-nio-8081-exec-5] com.example.aspect.AuditLogger - [AFTER] [TimetableServiceImpl.getAll()] | execution finished
2026-04-14 21:08:02 [INFO ] [http-nio-8081-exec-6] com.example.aspect.AuditLogger - [BEFORE] [TimetableServiceImpl.getAllByPageAndSort()] | args: [0, 5, departureTime]
2026-04-14 21:08:02 [INFO ] [http-nio-8081-exec-6] com.example.aspect.AuditLogger - [SUCCESS] [TimetableServiceImpl.getAllByPageAndSort()] | returned: PageResponse(data=[TimetableResponse(id=1, departureTime=2026-05-01T09:00, arrivalTime=2026-05-01T17:00, pathCode=CHN-MUM-001, status=PUBLISHED, trainId=1), TimetableResponse(id=5, departureTime=2026-05-01T18:30, arrivalTime=2026-05-01T20:30, pathCode=CHN-MUM-001, status=PUBLISHED, trainId=1), TimetableResponse(id=2, departureTime=2026-05-02T08:00, arrivalTime=2026-05-02T20:00, pathCode=CHN-DEL-001, status=DRAFT, trainId=2), TimetableResponse(id=3, departureTime=2026-05-02T08:00, arrivalTime=2026-05-02T20:00, pathCode=CHN-DEL-001, status=DRAFT, trainId=2), TimetableResponse(id=4, departureTime=2026-05-03T07:00, arrivalTime=2026-05-03T22:00, pathCode=MUM-KOL-001, status=DRAFT, trainId=3)], totalPages=1, totalRecords=5)
2026-04-14 21:08:02 [INFO ] [http-nio-8081-exec-6] com.example.aspect.AuditLogger - [AFTER] [TimetableServiceImpl.getAllByPageAndSort()] | execution finished
2026-04-14 21:08:28 [INFO ] [http-nio-8081-exec-8] com.example.aspect.AuditLogger - [BEFORE] [TimetableServiceImpl.getAssets()] | args: [1]
2026-04-14 21:08:28 [INFO ] [http-nio-8081-exec-8] com.example.aspect.AuditLogger - [SUCCESS] [TimetableServiceImpl.getAssets()] | returned: TimetableAssetsResponse(timetableId=1, trainId=1, departureTime=2026-05-01T09:00, arrivalTime=2026-05-01T17:00, status=null, wagons=[], locomotives=[])
2026-04-14 21:08:28 [INFO ] [http-nio-8081-exec-8] com.example.aspect.AuditLogger - [AFTER] [TimetableServiceImpl.getAssets()] | execution finished
2026-04-14 21:10:57 [INFO ] [http-nio-8081-exec-9] com.example.aspect.AuditLogger - [BEFORE] [LocomotiveAssignmentServiceImpl.assign()] | args: [LocomotiveAssignmentRequest(timetableId=1, locomotiveId=1)]
2026-04-14 21:10:57 [INFO ] [http-nio-8081-exec-9] com.example.aspect.AuditLogger - [SUCCESS] [LocomotiveAssignmentServiceImpl.assign()] | returned: LocomotiveAssignmentResponse(id=1, timetableId=1, locomotiveId=1, locomotiveModel=WAP-7, serialNumber=LOCO-001, status=PENDING)
2026-04-14 21:10:57 [INFO ] [http-nio-8081-exec-9] com.example.aspect.AuditLogger - [AFTER] [LocomotiveAssignmentServiceImpl.assign()] | execution finished
2026-04-14 21:12:08 [INFO ] [http-nio-8081-exec-3] com.example.aspect.AuditLogger - [BEFORE] [BookingServiceImpl.create()] | args: [BookingRequest(origin=Chennai, destination=Mumbai, cargoType=LIQUID, weightTon=30.0), admin@railflow.com]
2026-04-14 21:12:08 [INFO ] [http-nio-8081-exec-3] com.example.aspect.AuditLogger - [SUCCESS] [BookingServiceImpl.create()] | returned: BookingResponse(id=1, origin=Chennai, destination=Mumbai, cargoType=LIQUID, weightTon=30.0, status=PENDING, createdAt=2026-04-14T21:12:08.265057100, userId=1, userName=Super Admin)
2026-04-14 21:12:08 [INFO ] [http-nio-8081-exec-3] com.example.aspect.AuditLogger - [AFTER] [BookingServiceImpl.create()] | execution finished
2026-04-14 21:13:01 [INFO ] [http-nio-8081-exec-2] com.example.aspect.AuditLogger - [BEFORE] [BookingServiceImpl.create()] | args: [BookingRequest(origin=Chennai, destination=Mumbai, cargoType=DRY_BULK, weightTon=50.0), admin@railflow.com]
2026-04-14 21:13:02 [INFO ] [http-nio-8081-exec-2] com.example.aspect.AuditLogger - [SUCCESS] [BookingServiceImpl.create()] | returned: BookingResponse(id=2, origin=Chennai, destination=Mumbai, cargoType=DRY_BULK, weightTon=50.0, status=PENDING, createdAt=2026-04-14T21:13:01.975220, userId=1, userName=Super Admin)
2026-04-14 21:13:02 [INFO ] [http-nio-8081-exec-2] com.example.aspect.AuditLogger - [AFTER] [BookingServiceImpl.create()] | execution finished
2026-04-14 21:13:28 [INFO ] [http-nio-8081-exec-1] com.example.aspect.AuditLogger - [BEFORE] [BookingServiceImpl.create()] | args: [BookingRequest(origin=Chennai, destination=Mumbai, cargoType=CONTAINER, weightTon=70.0), admin@railflow.com]
2026-04-14 21:13:28 [INFO ] [http-nio-8081-exec-1] com.example.aspect.AuditLogger - [SUCCESS] [BookingServiceImpl.create()] | returned: BookingResponse(id=3, origin=Chennai, destination=Mumbai, cargoType=CONTAINER, weightTon=70.0, status=PENDING, createdAt=2026-04-14T21:13:28.295847700, userId=1, userName=Super Admin)
2026-04-14 21:13:28 [INFO ] [http-nio-8081-exec-1] com.example.aspect.AuditLogger - [AFTER] [BookingServiceImpl.create()] | execution finished
2026-04-14 21:13:57 [INFO ] [http-nio-8081-exec-4] com.example.aspect.AuditLogger - [BEFORE] [BookingServiceImpl.getByUserId()] | args: [1]
2026-04-14 21:13:57 [INFO ] [http-nio-8081-exec-4] com.example.aspect.AuditLogger - [SUCCESS] [BookingServiceImpl.getByUserId()] | returned: [BookingResponse(id=1, origin=Chennai, destination=Mumbai, cargoType=LIQUID, weightTon=30.0, status=PENDING, createdAt=2026-04-14T21:12:08.265057, userId=1, userName=Super Admin), BookingResponse(id=2, origin=Chennai, destination=Mumbai, cargoType=DRY_BULK, weightTon=50.0, status=PENDING, createdAt=2026-04-14T21:13:01.975220, userId=1, userName=Super Admin), BookingResponse(id=3, origin=Chennai, destination=Mumbai, cargoType=CONTAINER, weightTon=70.0, status=PENDING, createdAt=2026-04-14T21:13:28.295848, userId=1, userName=Super Admin)]
2026-04-14 21:13:57 [INFO ] [http-nio-8081-exec-4] com.example.aspect.AuditLogger - [AFTER] [BookingServiceImpl.getByUserId()] | execution finished
2026-04-14 21:15:26 [INFO ] [http-nio-8081-exec-6] com.example.aspect.AuditLogger - [BEFORE] [BookingServiceImpl.changeStatus()] | args: [1, CONFIRMED, admin@railflow.com]
2026-04-14 21:15:26 [INFO ] [http-nio-8081-exec-6] com.example.aspect.AuditLogger - [SUCCESS] [BookingServiceImpl.changeStatus()] | returned: BookingResponse(id=1, origin=Chennai, destination=Mumbai, cargoType=LIQUID, weightTon=30.0, status=CONFIRMED, createdAt=2026-04-14T21:12:08.265057, userId=1, userName=Super Admin)
2026-04-14 21:15:26 [INFO ] [http-nio-8081-exec-6] com.example.aspect.AuditLogger - [AFTER] [BookingServiceImpl.changeStatus()] | execution finished
2026-04-14 21:15:46 [INFO ] [http-nio-8081-exec-8] com.example.aspect.AuditLogger - [BEFORE] [BookingServiceImpl.getConfirmedBooking()] | args: []
2026-04-14 21:15:46 [INFO ] [http-nio-8081-exec-8] com.example.aspect.AuditLogger - [SUCCESS] [BookingServiceImpl.getConfirmedBooking()] | returned: [BookingResponse(id=1, origin=Chennai, destination=Mumbai, cargoType=LIQUID, weightTon=30.0, status=CONFIRMED, createdAt=2026-04-14T21:12:08.265057, userId=1, userName=Super Admin)]
2026-04-14 21:15:46 [INFO ] [http-nio-8081-exec-8] com.example.aspect.AuditLogger - [AFTER] [BookingServiceImpl.getConfirmedBooking()] | execution finished
2026-04-14 21:19:56 [INFO ] [http-nio-8081-exec-9] com.example.aspect.AuditLogger - [BEFORE] [ManifestServiceImpl.create()] | args: [ManifestRequest(timetableId=1), admin@railflow.com]
2026-04-14 21:19:56 [INFO ] [http-nio-8081-exec-9] com.example.aspect.AuditLogger - [SUCCESS] [ManifestServiceImpl.create()] | returned: ManifestResponse(id=1, timetableId=1, pathCode=CHN-MUM-001, departureTime=2026-05-01T09:00, createdBy=admin@railflow.com, createdAt=2026-04-14T21:19:56.644702, status=DRAFT)
2026-04-14 21:19:56 [INFO ] [http-nio-8081-exec-9] com.example.aspect.AuditLogger - [AFTER] [ManifestServiceImpl.create()] | execution finished
2026-04-14 21:23:08 [INFO ] [http-nio-8081-exec-3] com.example.aspect.AuditLogger - [BEFORE] [ManifestServiceImpl.addBooking()] | args: [1, AddBookingToManifestRequest(bookingId=1, manifestId=1)]
2026-04-14 21:23:08 [INFO ] [http-nio-8081-exec-3] com.example.aspect.AuditLogger - [SUCCESS] [ManifestServiceImpl.addBooking()] | returned: ManifestBookingResponse(id=1, manifestId=1, bookingId=1, origin=Chennai, destination=Mumbai, cargoType=LIQUID, status=PENDING)
2026-04-14 21:23:08 [INFO ] [http-nio-8081-exec-3] com.example.aspect.AuditLogger - [AFTER] [ManifestServiceImpl.addBooking()] | execution finished
2026-04-14 21:23:21 [INFO ] [http-nio-8081-exec-2] com.example.aspect.AuditLogger - [BEFORE] [ManifestServiceImpl.getBookings()] | args: [1]
2026-04-14 21:23:21 [INFO ] [http-nio-8081-exec-2] com.example.aspect.AuditLogger - [SUCCESS] [ManifestServiceImpl.getBookings()] | returned: [ManifestBookingResponse(id=1, manifestId=1, bookingId=1, origin=Chennai, destination=Mumbai, cargoType=LIQUID, status=PENDING)]
2026-04-14 21:23:21 [INFO ] [http-nio-8081-exec-2] com.example.aspect.AuditLogger - [AFTER] [ManifestServiceImpl.getBookings()] | execution finished
2026-04-14 21:28:20 [INFO ] [http-nio-8081-exec-4] com.example.aspect.AuditLogger - [BEFORE] [ManifestServiceImpl.getById()] | args: [1]
2026-04-14 21:28:20 [INFO ] [http-nio-8081-exec-4] com.example.aspect.AuditLogger - [SUCCESS] [ManifestServiceImpl.getById()] | returned: ManifestResponse(id=1, timetableId=1, pathCode=CHN-MUM-001, departureTime=2026-05-01T09:00, createdBy=admin@railflow.com, createdAt=2026-04-14T21:19:56.644702, status=DRAFT)
2026-04-14 21:28:20 [INFO ] [http-nio-8081-exec-4] com.example.aspect.AuditLogger - [AFTER] [ManifestServiceImpl.getById()] | execution finished
2026-04-14 21:29:29 [INFO ] [http-nio-8081-exec-6] com.example.aspect.AuditLogger - [BEFORE] [ManifestServiceImpl.addBooking()] | args: [1, AddBookingToManifestRequest(bookingId=2, manifestId=1)]
2026-04-14 21:29:29 [ERROR] [http-nio-8081-exec-6] com.example.aspect.AuditLogger - [EXCEPTION] [ManifestServiceImpl.addBooking()] | error: Booking must be CONFIRMED before adding to manifest. Current status: PENDING | type: IllegalStateException
2026-04-14 21:29:29 [INFO ] [http-nio-8081-exec-6] com.example.aspect.AuditLogger - [AFTER] [ManifestServiceImpl.addBooking()] | execution finished
2026-04-14 21:29:50 [INFO ] [http-nio-8081-exec-8] com.example.aspect.AuditLogger - [BEFORE] [BookingServiceImpl.changeStatus()] | args: [2, CONFIRMED, admin@railflow.com]
2026-04-14 21:29:50 [INFO ] [http-nio-8081-exec-8] com.example.aspect.AuditLogger - [SUCCESS] [BookingServiceImpl.changeStatus()] | returned: BookingResponse(id=2, origin=Chennai, destination=Mumbai, cargoType=DRY_BULK, weightTon=50.0, status=CONFIRMED, createdAt=2026-04-14T21:13:01.975220, userId=1, userName=Super Admin)
2026-04-14 21:29:50 [INFO ] [http-nio-8081-exec-8] com.example.aspect.AuditLogger - [AFTER] [BookingServiceImpl.changeStatus()] | execution finished
2026-04-14 21:31:17 [INFO ] [http-nio-8081-exec-9] com.example.aspect.AuditLogger - [BEFORE] [BookingServiceImpl.changeStatus()] | args: [3, CONFIRMED, admin@railflow.com]
2026-04-14 21:31:17 [INFO ] [http-nio-8081-exec-9] com.example.aspect.AuditLogger - [SUCCESS] [BookingServiceImpl.changeStatus()] | returned: BookingResponse(id=3, origin=Chennai, destination=Mumbai, cargoType=CONTAINER, weightTon=70.0, status=CONFIRMED, createdAt=2026-04-14T21:13:28.295848, userId=1, userName=Super Admin)
2026-04-14 21:31:17 [INFO ] [http-nio-8081-exec-9] com.example.aspect.AuditLogger - [AFTER] [BookingServiceImpl.changeStatus()] | execution finished
2026-04-14 21:31:26 [INFO ] [http-nio-8081-exec-10] com.example.aspect.AuditLogger - [BEFORE] [ManifestServiceImpl.addBooking()] | args: [1, AddBookingToManifestRequest(bookingId=2, manifestId=1)]
2026-04-14 21:31:26 [INFO ] [http-nio-8081-exec-10] com.example.aspect.AuditLogger - [SUCCESS] [ManifestServiceImpl.addBooking()] | returned: ManifestBookingResponse(id=2, manifestId=1, bookingId=2, origin=Chennai, destination=Mumbai, cargoType=DRY_BULK, status=PENDING)
2026-04-14 21:31:26 [INFO ] [http-nio-8081-exec-10] com.example.aspect.AuditLogger - [AFTER] [ManifestServiceImpl.addBooking()] | execution finished
2026-04-14 21:32:20 [INFO ] [http-nio-8081-exec-3] com.example.aspect.AuditLogger - [BEFORE] [ManifestServiceImpl.addBooking()] | args: [1, AddBookingToManifestRequest(bookingId=3, manifestId=1)]
2026-04-14 21:32:20 [INFO ] [http-nio-8081-exec-3] com.example.aspect.AuditLogger - [SUCCESS] [ManifestServiceImpl.addBooking()] | returned: ManifestBookingResponse(id=3, manifestId=1, bookingId=3, origin=Chennai, destination=Mumbai, cargoType=CONTAINER, status=PENDING)
2026-04-14 21:32:20 [INFO ] [http-nio-8081-exec-3] com.example.aspect.AuditLogger - [AFTER] [ManifestServiceImpl.addBooking()] | execution finished
2026-04-14 21:34:42 [INFO ] [http-nio-8081-exec-1] com.example.aspect.AuditLogger - [BEFORE] [WagonAssignmentServiceImpl.assign()] | args: [WagonAssignmentRequest(timetableId=1, bookingId=1, wagonId=1)]
2026-04-14 21:34:42 [INFO ] [http-nio-8081-exec-1] com.example.aspect.AuditLogger - [SUCCESS] [WagonAssignmentServiceImpl.assign()] | returned: WagonAssignmentResponse(id=1, wagonId=1, bookingId=1, timetableId=1, assetAssignmentStatus=PENDING, wagonSerialNumber=WAG-TAN-001, wagonType=TANKER)
2026-04-14 21:34:42 [INFO ] [http-nio-8081-exec-1] com.example.aspect.AuditLogger - [AFTER] [WagonAssignmentServiceImpl.assign()] | execution finished
2026-04-14 21:36:15 [INFO ] [http-nio-8081-exec-5] com.example.aspect.AuditLogger - [BEFORE] [NotificationServiceImpl.getMyNotifications()] | args: [admin@railflow.com, null, null]
2026-04-14 21:36:15 [INFO ] [http-nio-8081-exec-5] com.example.aspect.AuditLogger - [SUCCESS] [NotificationServiceImpl.getMyNotifications()] | returned: [NotificationResponse(id=1, userId=1, role=ADMIN, message=Path conflict detected on route 'CHN-MUM-001' between timetable #5 and published timetable #1, entityId=1, entityType=TIMETABLE, category=CONFLICT, status=UNREAD, createdAt=2026-04-14T21:02:34.965329), NotificationResponse(id=3, userId=1, role=ADMIN, message=All conflicts for timetable #5 on route 'CHN-MUM-001' resolved by admin@railflow.com. Timetable rescheduled to 2026-05-01T18:30 → 2026-05-01T20:30 and is now PUBLISHED., entityId=1, entityType=TIMETABLE, category=CONFLICT, status=UNREAD, createdAt=2026-04-14T21:06:41.574512)]
2026-04-14 21:36:15 [INFO ] [http-nio-8081-exec-5] com.example.aspect.AuditLogger - [AFTER] [NotificationServiceImpl.getMyNotifications()] | execution finished
2026-04-14 21:36:52 [INFO ] [http-nio-8081-exec-6] com.example.aspect.AuditLogger - [BEFORE] [TaskServiceImpl.getMyTasks()] | args: [admin@railflow.com, null]
2026-04-14 21:36:52 [INFO ] [http-nio-8081-exec-6] com.example.aspect.AuditLogger - [SUCCESS] [TaskServiceImpl.getMyTasks()] | returned: []
2026-04-14 21:36:52 [INFO ] [http-nio-8081-exec-6] com.example.aspect.AuditLogger - [AFTER] [TaskServiceImpl.getMyTasks()] | execution finished
2026-04-14 21:37:59 [INFO ] [http-nio-8081-exec-7] com.example.aspect.AuditLogger - [BEFORE] [CrewAssignmentServiceImpl.assign()] | args: [CrewAssignmentRequest(timetableId=1, userId=3, crewRole=LOCOMOTIVE_ENGINEER)]
2026-04-14 21:37:59 [INFO ] [http-nio-8081-exec-7] com.example.aspect.AuditLogger - [SUCCESS] [CrewAssignmentServiceImpl.assign()] | returned: CrewAssignmentResponse(id=1, timetableId=1, userId=3, userName=Kamalnath, crewRole=LOCOMOTIVE_ENGINEER, status=PENDING)
2026-04-14 21:37:59 [INFO ] [http-nio-8081-exec-7] com.example.aspect.AuditLogger - [AFTER] [CrewAssignmentServiceImpl.assign()] | execution finished
2026-04-14 21:38:25 [INFO ] [http-nio-8081-exec-10] com.example.aspect.AuditLogger - [BEFORE] [CrewAssignmentServiceImpl.getAvailableCrew()] | args: []
2026-04-14 21:38:26 [INFO ] [http-nio-8081-exec-10] com.example.aspect.AuditLogger - [SUCCESS] [CrewAssignmentServiceImpl.getAvailableCrew()] | returned: [UserResponse(id=3, name=Kamalnath, email=kamalnath@railflow.com, role=LOCOMOTIVE_ENGINEER, status=ACTIVE), UserResponse(id=4, name=Sneha, email=Sneha@railflow.com, role=YARD_MANAGER, status=ACTIVE)]
2026-04-14 21:38:26 [INFO ] [http-nio-8081-exec-10] com.example.aspect.AuditLogger - [AFTER] [CrewAssignmentServiceImpl.getAvailableCrew()] | execution finished
